*** EVALUATION ***
PROGRAM "electricity_meter.abs"

*********************************************************************************************
TARGET SECTION
---------------------------------------------------------------------------------------------
Processor   : Freescale HC08
Memory Model: SMALL
File Format : ELF\DWARF 2.0
Linker      : SmartLinker V-5.0.48 Build 11346, Dec 13 2011

*********************************************************************************************
FILE SECTION
---------------------------------------------------------------------------------------------
xbee_atcmd_c.obj                        Model: SMALL,         Lang: ANSI-C
xbee_cbuf_c.obj                         Model: SMALL,         Lang: ANSI-C
xbee_device_c.obj                       Model: SMALL,         Lang: ANSI-C
xbee_transparent_serial_c.obj           Model: SMALL,         Lang: ANSI-C
xbee_wpan_c.obj                         Model: SMALL,         Lang: ANSI-C
wpan_aps_c.obj                          Model: SMALL,         Lang: ANSI-C
wpan_types_c.obj                        Model: SMALL,         Lang: ANSI-C
hexstrtobyte_c.obj                      Model: SMALL,         Lang: ANSI-C
pan_init_c.obj                          Model: SMALL,         Lang: ANSI-C
xbee_platform_hcs08_c.obj               Model: SMALL,         Lang: ANSI-C
xbee_serial_hcs08_c.obj                 Model: SMALL,         Lang: ANSI-C
cbuffer_c.obj                           Model: SMALL,         Lang: ANSI-C
main_c.obj                              Model: SMALL,         Lang: ANSI-C
tpm_c.obj                               Model: SMALL,         Lang: ANSI-C
timer_c.obj                             Model: SMALL,         Lang: ANSI-C
uart_c.obj                              Model: SMALL,         Lang: ANSI-C
rtc_c.obj                               Model: SMALL,         Lang: ANSI-C
gpios_c.obj                             Model: SMALL,         Lang: ANSI-C
adc_c.obj                               Model: SMALL,         Lang: ANSI-C
flash_c.obj                             Model: SMALL,         Lang: ANSI-C
hwinit_c.obj                            Model: SMALL,         Lang: ANSI-C
irq_vectors_c.obj                       Model: SMALL,         Lang: ANSI-C
lvd_c.obj                               Model: SMALL,         Lang: ANSI-C
mc9s08qe32_c.obj                        Model: SMALL,         Lang: ANSI-C
system_c.obj                            Model: SMALL,         Lang: ANSI-C
start08_c.obj                           Model: SMALL,         Lang: ANSI-C
embedded.o (ansiis.lib)                 Model: SMALL,         Lang: ANSI-C
printf.o (ansiis.lib)                   Model: SMALL,         Lang: ANSI-C
rtshc08.o (ansiis.lib)                  Model: SMALL,         Lang: ANSI-C
string.o (ansiis.lib)                   Model: SMALL,         Lang: ANSI-C

*********************************************************************************************
STARTUP SECTION
---------------------------------------------------------------------------------------------
Entry point: 0x849B (_Startup)
_startupData is allocated at 0x84A4 and uses 6 Bytes
extern struct _tagStartup {
  unsigned nofZeroOut     1
  _Range   pZeroOut       0x216     490
  _Copy    *toCopyDownBeg 0xBBBE
} _startupData;

*********************************************************************************************
SECTION-ALLOCATION SECTION
Section Name                    Size  Type     From       To       Segment
---------------------------------------------------------------------------------------------
.data                              8   R/W      0x216      0x21D   HIGH_RAM
APPLICATION_VERSION               18     R     0x8400     0x8411   APP_VER_DATA
.init                            132     R     0x8420     0x84A3   APP_ROM
.startData                        18     R     0x84A4     0x84B5   APP_ROM
.rodata                          354     R     0x84B6     0x8617   APP_ROM
.rodata1                         451     R     0x8618     0x87DA   APP_ROM
.text                          13283     R     0x87DB     0xBBBD   APP_ROM
.copy                             10     R     0xBBBE     0xBBC7   APP_ROM
.abs_section_f1c0                 64     R     0xF1C0     0xF1FF   .absSeg0
.abs_section_0                     1   N/I        0x0        0x0   .absSeg1
.abs_section_1                     1   N/I        0x1        0x1   .absSeg2
.abs_section_2                     1   N/I        0x2        0x2   .absSeg3
.abs_section_3                     1   N/I        0x3        0x3   .absSeg4
.abs_section_4                     1   N/I        0x4        0x4   .absSeg5
.abs_section_5                     1   N/I        0x5        0x5   .absSeg6
.abs_section_6                     1   N/I        0x6        0x6   .absSeg7
.abs_section_7                     1   N/I        0x7        0x7   .absSeg8
.abs_section_8                     1   N/I        0x8        0x8   .absSeg9
.abs_section_9                     1   N/I        0x9        0x9   .absSeg10
.abs_section_c                     1   N/I        0xC        0xC   .absSeg11
.abs_section_d                     1   N/I        0xD        0xD   .absSeg12
.abs_section_e                     1   N/I        0xE        0xE   .absSeg13
.abs_section_f                     1   N/I        0xF        0xF   .absSeg14
.abs_section_10                    1   N/I       0x10       0x10   .absSeg15
.abs_section_11                    1   N/I       0x11       0x11   .absSeg16
.abs_section_16                    1   N/I       0x16       0x16   .absSeg17
.abs_section_17                    1   N/I       0x17       0x17   .absSeg18
.abs_section_18                    1   N/I       0x18       0x18   .absSeg19
.abs_section_1a                    1   N/I       0x1A       0x1A   .absSeg20
.abs_section_1b                    1   N/I       0x1B       0x1B   .absSeg21
.abs_section_22                    1   N/I       0x22       0x22   .absSeg22
.abs_section_23                    1   N/I       0x23       0x23   .absSeg23
.abs_section_24                    1   N/I       0x24       0x24   .absSeg24
.abs_section_25                    1   N/I       0x25       0x25   .absSeg25
.abs_section_26                    1   N/I       0x26       0x26   .absSeg26
.abs_section_27                    1   N/I       0x27       0x27   .absSeg27
.abs_section_28                    1   N/I       0x28       0x28   .absSeg28
.abs_section_29                    1   N/I       0x29       0x29   .absSeg29
.abs_section_2a                    1   N/I       0x2A       0x2A   .absSeg30
.abs_section_2b                    1   N/I       0x2B       0x2B   .absSeg31
.abs_section_2d                    1   N/I       0x2D       0x2D   .absSeg32
.abs_section_30                    1   N/I       0x30       0x30   .absSeg33
.abs_section_31                    1   N/I       0x31       0x31   .absSeg34
.abs_section_32                    1   N/I       0x32       0x32   .absSeg35
.abs_section_33                    1   N/I       0x33       0x33   .absSeg36
.abs_section_34                    1   N/I       0x34       0x34   .absSeg37
.abs_section_35                    1   N/I       0x35       0x35   .absSeg38
.abs_section_38                    1   N/I       0x38       0x38   .absSeg39
.abs_section_39                    1   N/I       0x39       0x39   .absSeg40
.abs_section_3a                    1   N/I       0x3A       0x3A   .absSeg41
.abs_section_3b                    1   N/I       0x3B       0x3B   .absSeg42
.abs_section_3c                    1   N/I       0x3C       0x3C   .absSeg43
.abs_section_3d                    1   N/I       0x3D       0x3D   .absSeg44
.abs_section_3e                    1   N/I       0x3E       0x3E   .absSeg45
.abs_section_40                    1   N/I       0x40       0x40   .absSeg46
.abs_section_45                    1   N/I       0x45       0x45   .absSeg47
.abs_section_48                    1   N/I       0x48       0x48   .absSeg48
.abs_section_4b                    1   N/I       0x4B       0x4B   .absSeg49
.abs_section_50                    1   N/I       0x50       0x50   .absSeg50
.abs_section_55                    1   N/I       0x55       0x55   .absSeg51
.abs_section_58                    1   N/I       0x58       0x58   .absSeg52
.abs_section_5b                    1   N/I       0x5B       0x5B   .absSeg53
.abs_section_60                    1   N/I       0x60       0x60   .absSeg54
.abs_section_65                    1   N/I       0x65       0x65   .absSeg55
.abs_section_68                    1   N/I       0x68       0x68   .absSeg56
.abs_section_6b                    1   N/I       0x6B       0x6B   .absSeg57
.abs_section_6e                    1   N/I       0x6E       0x6E   .absSeg58
.abs_section_71                    1   N/I       0x71       0x71   .absSeg59
.abs_section_74                    1   N/I       0x74       0x74   .absSeg60
.abs_section_1800                  1   N/I     0x1800     0x1800   .absSeg61
.abs_section_1801                  1   N/I     0x1801     0x1801   .absSeg62
.abs_section_1802                  1   N/I     0x1802     0x1802   .absSeg63
.abs_section_1803                  1   N/I     0x1803     0x1803   .absSeg64
.abs_section_1808                  1   N/I     0x1808     0x1808   .absSeg65
.abs_section_1809                  1   N/I     0x1809     0x1809   .absSeg66
.abs_section_180b                  1   N/I     0x180B     0x180B   .absSeg67
.abs_section_180e                  1   N/I     0x180E     0x180E   .absSeg68
.abs_section_180f                  1   N/I     0x180F     0x180F   .absSeg69
.abs_section_1818                  1   N/I     0x1818     0x1818   .absSeg70
.abs_section_1819                  1   N/I     0x1819     0x1819   .absSeg71
.abs_section_181a                  1   N/I     0x181A     0x181A   .absSeg72
.abs_section_181c                  1   N/I     0x181C     0x181C   .absSeg73
.abs_section_181d                  1   N/I     0x181D     0x181D   .absSeg74
.abs_section_181e                  1   N/I     0x181E     0x181E   .absSeg75
.abs_section_181f                  1   N/I     0x181F     0x181F   .absSeg76
.abs_section_1820                  1   N/I     0x1820     0x1820   .absSeg77
.abs_section_1821                  1   N/I     0x1821     0x1821   .absSeg78
.abs_section_1823                  1   N/I     0x1823     0x1823   .absSeg79
.abs_section_1824                  1   N/I     0x1824     0x1824   .absSeg80
.abs_section_1825                  1   N/I     0x1825     0x1825   .absSeg81
.abs_section_1826                  1   N/I     0x1826     0x1826   .absSeg82
.abs_section_1830                  1   N/I     0x1830     0x1830   .absSeg83
.abs_section_1831                  1   N/I     0x1831     0x1831   .absSeg84
.abs_section_1832                  1   N/I     0x1832     0x1832   .absSeg85
.abs_section_1840                  1   N/I     0x1840     0x1840   .absSeg86
.abs_section_1841                  1   N/I     0x1841     0x1841   .absSeg87
.abs_section_1842                  1   N/I     0x1842     0x1842   .absSeg88
.abs_section_1844                  1   N/I     0x1844     0x1844   .absSeg89
.abs_section_1845                  1   N/I     0x1845     0x1845   .absSeg90
.abs_section_1846                  1   N/I     0x1846     0x1846   .absSeg91
.abs_section_1848                  1   N/I     0x1848     0x1848   .absSeg92
.abs_section_1849                  1   N/I     0x1849     0x1849   .absSeg93
.abs_section_184a                  1   N/I     0x184A     0x184A   .absSeg94
.abs_section_184c                  1   N/I     0x184C     0x184C   .absSeg95
.abs_section_184d                  1   N/I     0x184D     0x184D   .absSeg96
.abs_section_184e                  1   N/I     0x184E     0x184E   .absSeg97
.abs_section_1850                  1   N/I     0x1850     0x1850   .absSeg98
.abs_section_1851                  1   N/I     0x1851     0x1851   .absSeg99
.abs_section_1852                  1   N/I     0x1852     0x1852   .absSeg100
.abs_section_1872                  1   N/I     0x1872     0x1872   .absSeg101
.abs_section_1873                  1   N/I     0x1873     0x1873   .absSeg102
.abs_section_1874                  1   N/I     0x1874     0x1874   .absSeg103
.abs_section_1875                  1   N/I     0x1875     0x1875   .absSeg104
.abs_section_1876                  1   N/I     0x1876     0x1876   .absSeg105
.abs_section_1877                  1   N/I     0x1877     0x1877   .absSeg106
.abs_section_12                    2   N/I       0x12       0x13   .absSeg107
.abs_section_14                    2   N/I       0x14       0x15   .absSeg108
.abs_section_20                    2   N/I       0x20       0x21   .absSeg109
.abs_section_41                    2   N/I       0x41       0x42   .absSeg110
.abs_section_43                    2   N/I       0x43       0x44   .absSeg111
.abs_section_46                    2   N/I       0x46       0x47   .absSeg112
.abs_section_49                    2   N/I       0x49       0x4A   .absSeg113
.abs_section_4c                    2   N/I       0x4C       0x4D   .absSeg114
.abs_section_51                    2   N/I       0x51       0x52   .absSeg115
.abs_section_53                    2   N/I       0x53       0x54   .absSeg116
.abs_section_56                    2   N/I       0x56       0x57   .absSeg117
.abs_section_59                    2   N/I       0x59       0x5A   .absSeg118
.abs_section_5c                    2   N/I       0x5C       0x5D   .absSeg119
.abs_section_61                    2   N/I       0x61       0x62   .absSeg120
.abs_section_63                    2   N/I       0x63       0x64   .absSeg121
.abs_section_66                    2   N/I       0x66       0x67   .absSeg122
.abs_section_69                    2   N/I       0x69       0x6A   .absSeg123
.abs_section_6c                    2   N/I       0x6C       0x6D   .absSeg124
.abs_section_6f                    2   N/I       0x6F       0x70   .absSeg125
.abs_section_72                    2   N/I       0x72       0x73   .absSeg126
.abs_section_75                    2   N/I       0x75       0x76   .absSeg127
.abs_section_1806                  2   N/I     0x1806     0x1807   .absSeg128
.abs_section_1810                  2   N/I     0x1810     0x1811   .absSeg129
.abs_section_1812                  2   N/I     0x1812     0x1813   .absSeg130
.abs_section_1814                  2   N/I     0x1814     0x1815   .absSeg131
.abs_section_1816                  2   N/I     0x1816     0x1817   .absSeg132
.abs_section_1870                  2   N/I     0x1870     0x1871   .absSeg133
.abs_section_f1bc                  4     R     0xF1BC     0xF1BF   .absSeg134
.abs_section_ffbd                  1     R     0xFFBD     0xFFBD   .absSeg135
.abs_section_ffbf                  1     R     0xFFBF     0xFFBF   .absSeg136
.abs_section_200                   2   N/I      0x200      0x201   .absSeg137
.abs_section_204                   2   N/I      0x204      0x205   .absSeg138
.abs_section_20c                   2   N/I      0x20C      0x20D   .absSeg139
.abs_section_20e                   8   N/I      0x20E      0x215   .absSeg140
.bss                              63   R/W      0x21E      0x25C   HIGH_RAM
.common                          419   R/W      0x25D      0x3FF   HIGH_RAM
.stack                           416   R/W      0x400      0x59F   HIGH_RAM

Summary of section sizes per section type:
READ_ONLY (R):        3800 (dec:    14336)
READ_WRITE (R/W):      38A (dec:      906)
NO_INIT (N/I):          AE (dec:      174)

*********************************************************************************************
VECTOR-ALLOCATION SECTION
    Address     InitValue   InitFunction
---------------------------------------------------------------------------------------------

*********************************************************************************************
OBJECT-ALLOCATION SECTION
     Name               Module                 Addr   hSize   dSize     Ref    Section   RLIB
---------------------------------------------------------------------------------------------
MODULE:                 -- xbee_atcmd_c.obj --
- PROCEDURES:
     xbee_cmd_tick                             87DB      F7     247       6   .text       
     _xbee_cmd_handle_to_address               88D2      3B      59       7   .text       
     _xbee_cmd_issue_list                      890D     11B     283       3   .text       
     _xbee_cmd_list_callback                   8A28     270     624       3   .text       
     xbee_cmd_list_execute                     8C98      85     133       1   .text       
     xbee_cmd_init_device                      8D1D      31      49       2   .text       
     _xbee_cmd_query_handle_eo                 8D4E      29      41       1   .text       
     _xbee_cmd_query_handle_ai                 8D77      2E      46       1   .text       
     _xbee_cmd_query_handle_end                8DA5      69     105       1   .text       
     xbee_cmd_query_device                     8E0E      63      99       4   .text       
     xbee_cmd_query_status                     8E71      10      16       1   .text       
     xbee_cmd_create                           8E81      E8     232       2   .text       
     _xbee_cmd_release_request                 8F69      11      17       4   .text       
     xbee_cmd_release_handle                   8F7A       5       5       1   .text       
     xbee_cmd_set_command                      8F7F      28      40       1   .text       
     xbee_cmd_set_callback                     8FA7      30      48       1   .text       
     xbee_cmd_set_target                       8FD7      5B      91       1   .text       
     _xbee_cmd_encode_param                    9032      43      67       2   .text       
     xbee_cmd_set_param                        9075      32      50       1   .text       
     xbee_cmd_set_param_bytes                  90A7      40      64       3   .text       
     xbee_cmd_set_param_str                    90E7      27      39       1   .text       
     xbee_cmd_send                             910E     101     257       3   .text       
     _xbee_cmd_handle_response                 920F     1A4     420       4   .text       
     _xbee_cmd_modem_status                    93B3      25      37       1   .text       
     xbee_cmd_simple                           93D8      4D      77       9   .text       
     xbee_cmd_execute                          9425      3B      59       2   .text       
- VARIABLES:
     _xbee_atcmd_query_regs                    84B6      5A      90       2   .rodata     
     initialized.2                              21E       1       1       5   .bss        
     last_time.1                                21F       1       1       2   .bss        
     xbee_cmd_request_table                     25D      92     146       6   .common     
     _xbee_atcmd_query_regs_head                2EF       8       8       2   .common     
MODULE:                 -- xbee_cbuf_c.obj --
- PROCEDURES:
     xbee_cbuf_init                            9460      23      35       1   .text       
     xbee_cbuf_putch                           9483      31      49       1   .text       
     xbee_cbuf_used                            94B4       7       7       1   .text       
     xbee_cbuf_free                            94BB       8       8       3   .text       
     xbee_cbuf_flush                           94C3       5       5       1   .text       
     xbee_cbuf_get                             94C8      4D      77       1   .text       
- VARIABLES:
MODULE:                 -- xbee_device_c.obj --
- PROCEDURES:
     xbee_next_frame_id                        9515      1A      26       3   .text       
     xbee_dev_init                             952F      9B     155       2   .text       
     xbee_dev_flowcontrol                      95CA      19      25       1   .text       
     xbee_dev_tick                             95E3      32      50       3   .text       
     _xbee_checksum                            9615      28      40       3   .text       
     xbee_frame_write                          963D     150     336       7   .text       
     _xbee_frame_load                          978D     19E     414      14   .text       
     _xbee_dev_modem_status                    992B      6B     107       1   .text       
     _xbee_frame_dispatch                      9996      8F     143       1   .text       
- VARIABLES:
MODULE:                 -- xbee_transparent_serial_c.obj --
- PROCEDURES:
     xbee_transparent_serial                   9A25      17      23       1   .text       
- VARIABLES:
MODULE:                 -- xbee_wpan_c.obj --
- PROCEDURES:
     _xbee_endpoint_send                       9A3C      85     133       2   .text       
     _xbee_wpan_tick                           9AC1       3       3       2   .text       
     xbee_wpan_init                            9AC4      32      50       1   .text       
- VARIABLES:
MODULE:                 -- wpan_aps_c.obj --
- PROCEDURES:
     wpan_envelope_create                      9AF6      3B      59       1   .text       
     wpan_envelope_send                        9B31      46      70       1   .text       
- VARIABLES:
MODULE:                 -- wpan_types_c.obj --
- PROCEDURES:
     addr64_format                             9B77      72     114       1   .text       
- VARIABLES:
     _WPAN_IEEE_ADDR_COORDINATOR               8510       8       8       1   .rodata     
     STRING.0123456789abcdef.1                 8618      11      17       1   .rodata1    
     STRING.0123456789abcdef.2                 8629      11      17       1   .rodata1    
MODULE:                 -- hexstrtobyte_c.obj --
- PROCEDURES:
     hexstrtobyte                              9BE9      53      83       1   .text       
- VARIABLES:
MODULE:                 -- pan_init_c.obj --
- PROCEDURES:
     xbee_params_init                          9C3C      8B     139       1   .text       
     sys_xbee_tick                             9CC7       9       9       1   .text       
     sys_xbee_init                             9CD0      3A      58       1   .text       
- VARIABLES:
     endpoints_table_empty                     8518       C      12       1   .rodata     
     xbee_frame_handlers                       8524      18      24       1   .rodata     
     STRING.1337.1                             863A       5       5       1   .rodata1    
     STRING.ID.2                               863F       3       3       1   .rodata1    
     STRING.NI.3                               8642       3       3       1   .rodata1    
     STRING.electricity.4                      8645       C      12       1   .rodata1    
     STRING.AO.5                               8651       3       3       1   .rodata1    
MODULE:                 -- xbee_platform_hcs08_c.obj --
- PROCEDURES:
     xbee_seconds_timer                        9D0A       B      11       5   .text       
- VARIABLES:
MODULE:                 -- xbee_serial_hcs08_c.obj --
- PROCEDURES:
     xbee_ser_invalid                          9D15      16      22       2   .text       
     xbee_ser_write                            9D2B      64     100      14   .text       
     xbee_ser_read                             9D8F      71     113       8   .text       
     xbee_ser_tx_free                          9E00       4       4       1   .text       
     xbee_ser_tx_used                          9E04       3       3       1   .text       
     xbee_ser_rx_used                          9E07       9       9       2   .text       
     xbee_ser_rx_flush                         9E10       9       9       1   .text       
     xbee_ser_baudrate                         9E19      6D     109       1   .text       
     xbee_ser_open                             9E86      3E      62       2   .text       
     xbee_ser_flowcontrol                      9EC4      48      72       1   .text       
     xbee_ser_set_rts                          9F0C      47      71       2   .text       
     xbee_ser_get_cts                          9F53      20      32       1   .text       
     radio_uart_isr                            9F73      2B      43       1   .text       
- VARIABLES:
     EMBER_SERIAL_PORT                          216       7       7      20   .data       
     _flags                                     220       1       1      10   .bss        
MODULE:                 -- cbuffer_c.obj --
- PROCEDURES:
     cbuf_init                                 9F9E      1B      27       1   .text       
     cbuf_append                               9FB9      4C      76       1   .text       
- VARIABLES:
MODULE:                 -- main_c.obj --
- PROCEDURES:
     xbee_modem_status_handler                 A005      25      37       1   .text       
     tpm1ov_irq                                A02A       6       6       1   .text       
     tpm2ov_irq                                A030       6       6       1   .text       
     process_samples                           A036      E0     224       3   .text       
     main                                      A116     107     263       3   .text       
- VARIABLES:
     STRING.E..ld..1                           8654       7       7       1   .rodata1    
     joined_network                             21D       1       1       3   .data       
     adc_timer                                  221       1       1       3   .bss        
     tx_timer                                   222       1       1       3   .bss        
MODULE:                 -- tpm_c.obj --
- PROCEDURES:
     tpm_get_baseaddr                          A21D      1E      30      12   .text       
     tpm_set_prescaler                         A23B      99     153       1   .text       
     tpm_compute_modulo                        A2D4      C4     196       2   .text       
     tpm_clock_gating                          A398      50      80       1   .text       
     tpm2ch1_isr                               A3E8       1       1       1   .text       
     tpm3ch5_isr                               A3E9       1       1       1   .text       
     tpm3ch0_isr                               A3EA       1       1       1   .text       
     tpm2ch2_isr                               A3EB       1       1       1   .text       
     tpm1ch0_isr                               A3EC       1       1       1   .text       
     tpm3ov_isr                                A3ED       1       1       1   .text       
- VARIABLES:
MODULE:                 -- timer_c.obj --
- PROCEDURES:
     timer_config                              A3EE      4D      77       2   .text       
     timer_set_timeout                         A43B      8F     143       1   .text       
     timer_irq_enable                          A4CA      2B      43       3   .text       
     timer_set_mode                            A4F5      6C     108       1   .text       
     timer_enable                              A561      2F      47       3   .text       
     tpm1ov_isr                                A590      1D      29       1   .text       
     tpm2ov_isr                                A5AD      1F      31       1   .text       
- VARIABLES:
     timers_mode                                223       1       1       9   .bss        
MODULE:                 -- uart_c.obj --
- PROCEDURES:
     uart_get_scibd                            A5CC      4F      79       2   .text       
     uart_config                               A61B      5A      90       1   .text       
     uart_write                                A675      4D      77       1   .text       
     uart_isr                                  A6C2      19      25       1   .text       
     TERMIO_PutChar                            A6DB      1A      26       1   .text       
     radio_uart_config                         A6F5      72     114       3   .text       
- VARIABLES:
     STRING....1                               865B       3       3       1   .rodata1    
     rxcb                                       224       5       5       2   .bss        
     rxbuf                                      229      20      32       1   .bss        
     ember_rxbuf                                2F7      44      68       2   .common     
MODULE:                 -- rtc_c.obj --
- PROCEDURES:
     rtc_config                                A767      14      20       1   .text       
     delay_ticks                               A77B       E      14       1   .text       
     rtc_set_timeout                           A789       4       4       2   .text       
     rtc_timeout_expired                       A78D       A      10       2   .text       
     rtc_isr                                   A797      72     114       1   .text       
- VARIABLES:
     ticks                                      249       2       2       4   .bss        
     uptime                                     24B       4       4       2   .bss        
     ms_uptime                                  24F       4       4       1   .bss        
     wait_for_tout1                             253       2       2       4   .bss        
     wait_for_tout2                             255       2       2       4   .bss        
MODULE:                 -- gpios_c.obj --
- PROCEDURES:
     gpio_isr                                  A809       1       1       1   .text       
- VARIABLES:
MODULE:                 -- adc_c.obj --
- PROCEDURES:
     adc_config                                A80A      24      36       1   .text       
     adc_ch_enable                             A82E      73     115       2   .text       
     adc_ch_read                               A8A1      50      80       2   .text       
- VARIABLES:
MODULE:                 -- flash_c.obj --
- PROCEDURES:
     flash_config                              A8F1       F      15       1   .text       
- VARIABLES:
MODULE:                 -- hwinit_c.obj --
- PROCEDURES:
     radio_gpio_init                           A900      D5     213       1   .text       
     gpio_init                                 A9D5      31      49       1   .text       
     adc_init                                  AA06      15      21       1   .text       
     xbee_check_answer                         AA1B      61      97       5   .text       
     xbee_get_answer                           AA7C      B1     177       2   .text       
     radio_switch_to_api_mode_and_autorate       AB2D     1BB     443      14   .text       
     sys_hw_init                               ACE8      E5     229       1   .text       
     sys_app_banner                            ADCD      C0     192       1   .text       
- VARIABLES:
     rates                                     853C      20      32       4   .rodata     
     modem_status_resp                         855C       6       6       1   .rodata     
     ATAC_cmd                                  8562       8       8       1   .rodata     
     ATBD7_cmd                                 856A       9       9       1   .rodata     
     ATBD7_resp                                8573       9       9       1   .rodata     
     ATWR_cmd                                  857C       8       8       1   .rodata     
     ATBPD_cmd                                 8584       8       8       1   .rodata     
     ATBPR_cmd                                 858C       8       8       1   .rodata     
     ATBPD_resp_fix                            8594       8       8       1   .rodata     
     ATBPR_resp_fix                            859C       8       8       1   .rodata     
     STRING.D5.1                               865E       3       3       1   .rodata1    
     STRING.D0.2                               8661       3       3       1   .rodata1    
     STRING.P0.3                               8664       3       3       1   .rodata1    
     STRING.D4.4                               8667       3       3       1   .rodata1    
     STRING.D1.5                               866A       3       3       1   .rodata1    
     STRING.PD.6                               866D       3       3       1   .rodata1    
     STRING.PR.7                               8670       3       3       1   .rodata1    
     STRING.....8                              8673       4       4       1   .rodata1    
     STRING.OK..9                              8677       4       4       1   .rodata1    
     STRING.ATAP1..10                          867B       7       7       1   .rodata1    
     STRING.OK..11                             8682       4       4       1   .rodata1    
     STRING.ATBD7..12                          8686       7       7       1   .rodata1    
     STRING.OK..13                             868D       4       4       1   .rodata1    
     STRING.ATWR..14                           8691       6       6       1   .rodata1    
     STRING.OK..15                             8697       4       4       1   .rodata1    
     STRING.ATCN..16                           869B       6       6       1   .rodata1    
     STRING.SM.17                              86A1       3       3       1   .rodata1    
     STRING......................18            86A4      31      49       1   .rodata1    
     STRING...o.Application...s..19            86D5      15      21       1   .rodata1    
     STRING.electricity_meter.20               86EA      12      18       1   .rodata1    
     STRING...o.XBee.module...s..21            86FC      20      32       1   .rodata1    
     STRING.S2CTH.22                           871C       6       6       1   .rodata1    
     STRING...o.HW.address....s..23            8722      15      21       1   .rodata1    
     STRING...o.HW.version...0x..24            8737      17      23       1   .rodata1    
     STRING...o.FW.version...0x..25            874E      17      23       1   .rodata1    
     STRING...coordinator...26                 8765      10      16       1   .rodata1    
     STRING...router...27                      8775       B      11       1   .rodata1    
     STRING...end.device...28                  8780       F      15       1   .rodata1    
     STRING...29                               878F       2       2       1   .rodata1    
     STRING...o.PAN.ID........s..30            8791      15      21       1   .rodata1    
     STRING.1337.31                            87A6       5       5       1   .rodata1    
     STRING......................32            87AB      30      48       1   .rodata1    
     xdev                                       33B      C5     197      24   .common     
MODULE:                 -- irq_vectors_c.obj --
- PROCEDURES:
     die                                       AE8D       3       3      18   .text       
- VARIABLES:
     vector_table                              F1C0      40      64       0   .abs_section_f1c0
MODULE:                 -- lvd_c.obj --
- PROCEDURES:
     lvd_isr                                   AE90       3       3       1   .text       
- VARIABLES:
MODULE:                 -- mc9s08qe32_c.obj --
- PROCEDURES:
- VARIABLES:
     _PTAD                                        0       1       1       1   .abs_section_0
     _PTADD                                       1       1       1       1   .abs_section_1
     _PTBD                                        2       1       1       2   .abs_section_2
     _PTBDD                                       3       1       1       1   .abs_section_3
     _PTCD                                        4       1       1      11   .abs_section_4
     _PTCDD                                       5       1       1       6   .abs_section_5
     _PTDD                                        6       1       1       5   .abs_section_6
     _PTDDD                                       7       1       1       3   .abs_section_7
     _PTED                                        8       1       1       2   .abs_section_8
     _PTEDD                                       9       1       1       2   .abs_section_9
     _KBI1SC                                      C       1       1       1   .abs_section_c
     _KBI1PE                                      D       1       1       0   .abs_section_d
     _KBI1ES                                      E       1       1       0   .abs_section_e
     _IRQSC                                       F       1       1       0   .abs_section_f
     _ADCSC1                                     10       1       1       7   .abs_section_10
     _ADCSC2                                     11       1       1       1   .abs_section_11
     _ADCCFG                                     16       1       1       1   .abs_section_16
     _APCTL1                                     17       1       1       4   .abs_section_17
     _APCTL2                                     18       1       1       3   .abs_section_18
     _ACMP1SC                                    1A       1       1       0   .abs_section_1a
     _ACMP2SC                                    1B       1       1       0   .abs_section_1b
     _SCI1C1                                     22       1       1       3   .abs_section_22
     _SCI1C2                                     23       1       1       2   .abs_section_23
     _SCI1S1                                     24       1       1       3   .abs_section_24
     _SCI1S2                                     25       1       1       2   .abs_section_25
     _SCI1C3                                     26       1       1       4   .abs_section_26
     _SCI1D                                      27       1       1       3   .abs_section_27
     _SPIC1                                      28       1       1       0   .abs_section_28
     _SPIC2                                      29       1       1       0   .abs_section_29
     _SPIBR                                      2A       1       1       0   .abs_section_2a
     _SPIS                                       2B       1       1       0   .abs_section_2b
     _SPID                                       2D       1       1       0   .abs_section_2d
     _IICA                                       30       1       1       0   .abs_section_30
     _IICF                                       31       1       1       0   .abs_section_31
     _IICC1                                      32       1       1       0   .abs_section_32
     _IICS                                       33       1       1       0   .abs_section_33
     _IICD                                       34       1       1       0   .abs_section_34
     _IICC2                                      35       1       1       0   .abs_section_35
     _ICSC1                                      38       1       1       1   .abs_section_38
     _ICSC2                                      39       1       1       1   .abs_section_39
     _ICSTRM                                     3A       1       1       1   .abs_section_3a
     _ICSSC                                      3B       1       1       5   .abs_section_3b
     _KBI2SC                                     3C       1       1       0   .abs_section_3c
     _KBI2PE                                     3D       1       1       0   .abs_section_3d
     _KBI2ES                                     3E       1       1       0   .abs_section_3e
     _TPM1SC                                     40       1       1       2   .abs_section_40
     _TPM1C0SC                                   45       1       1       0   .abs_section_45
     _TPM1C1SC                                   48       1       1       0   .abs_section_48
     _TPM1C2SC                                   4B       1       1       0   .abs_section_4b
     _TPM2SC                                     50       1       1       2   .abs_section_50
     _TPM2C0SC                                   55       1       1       0   .abs_section_55
     _TPM2C1SC                                   58       1       1       0   .abs_section_58
     _TPM2C2SC                                   5B       1       1       0   .abs_section_5b
     _TPM3SC                                     60       1       1       1   .abs_section_60
     _TPM3C0SC                                   65       1       1       0   .abs_section_65
     _TPM3C1SC                                   68       1       1       0   .abs_section_68
     _TPM3C2SC                                   6B       1       1       0   .abs_section_6b
     _TPM3C3SC                                   6E       1       1       0   .abs_section_6e
     _TPM3C4SC                                   71       1       1       0   .abs_section_71
     _TPM3C5SC                                   74       1       1       0   .abs_section_74
     _SRS                                      1800       1       1       2   .abs_section_1800
     _SBDFR                                    1801       1       1       0   .abs_section_1801
     _SOPT1                                    1802       1       1       2   .abs_section_1802
     _SOPT2                                    1803       1       1       0   .abs_section_1803
     _SPMSC1                                   1808       1       1       0   .abs_section_1808
     _SPMSC2                                   1809       1       1       0   .abs_section_1809
     _SPMSC3                                   180B       1       1       0   .abs_section_180b
     _SCGC1                                    180E       1       1      12   .abs_section_180e
     _SCGC2                                    180F       1       1       3   .abs_section_180f
     _DBGCAX                                   1818       1       1       0   .abs_section_1818
     _DBGCBX                                   1819       1       1       0   .abs_section_1819
     _DBGCCX                                   181A       1       1       0   .abs_section_181a
     _DBGC                                     181C       1       1       0   .abs_section_181c
     _DBGT                                     181D       1       1       0   .abs_section_181d
     _DBGS                                     181E       1       1       0   .abs_section_181e
     _DBGCNT                                   181F       1       1       0   .abs_section_181f
     _FCDIV                                    1820       1       1       1   .abs_section_1820
     _FOPT                                     1821       1       1       0   .abs_section_1821
     _FCNFG                                    1823       1       1       0   .abs_section_1823
     _FPROT                                    1824       1       1       0   .abs_section_1824
     _FSTAT                                    1825       1       1       0   .abs_section_1825
     _FCMD                                     1826       1       1       0   .abs_section_1826
     _RTCSC                                    1830       1       1       2   .abs_section_1830
     _RTCCNT                                   1831       1       1       0   .abs_section_1831
     _RTCMOD                                   1832       1       1       1   .abs_section_1832
     _PTAPE                                    1840       1       1       0   .abs_section_1840
     _PTASE                                    1841       1       1       0   .abs_section_1841
     _PTADS                                    1842       1       1       0   .abs_section_1842
     _PTBPE                                    1844       1       1       0   .abs_section_1844
     _PTBSE                                    1845       1       1       0   .abs_section_1845
     _PTBDS                                    1846       1       1       0   .abs_section_1846
     _PTCPE                                    1848       1       1       1   .abs_section_1848
     _PTCSE                                    1849       1       1       0   .abs_section_1849
     _PTCDS                                    184A       1       1       0   .abs_section_184a
     _PTDPE                                    184C       1       1       0   .abs_section_184c
     _PTDSE                                    184D       1       1       0   .abs_section_184d
     _PTDDS                                    184E       1       1       0   .abs_section_184e
     _PTEPE                                    1850       1       1       0   .abs_section_1850
     _PTESE                                    1851       1       1       0   .abs_section_1851
     _PTEDS                                    1852       1       1       0   .abs_section_1852
     _SCI2C1                                   1872       1       1       2   .abs_section_1872
     _SCI2C2                                   1873       1       1       2   .abs_section_1873
     _SCI2S1                                   1874       1       1       2   .abs_section_1874
     _SCI2S2                                   1875       1       1       2   .abs_section_1875
     _SCI2C3                                   1876       1       1       2   .abs_section_1876
     _SCI2D                                    1877       1       1       2   .abs_section_1877
     _ADCR                                       12       2       2       1   .abs_section_12
     _ADCCV                                      14       2       2       0   .abs_section_14
     _SCI1BD                                     20       2       2       2   .abs_section_20
     _TPM1CNT                                    41       2       2       0   .abs_section_41
     _TPM1MOD                                    43       2       2       0   .abs_section_43
     _TPM1C0V                                    46       2       2       0   .abs_section_46
     _TPM1C1V                                    49       2       2       0   .abs_section_49
     _TPM1C2V                                    4C       2       2       0   .abs_section_4c
     _TPM2CNT                                    51       2       2       0   .abs_section_51
     _TPM2MOD                                    53       2       2       0   .abs_section_53
     _TPM2C0V                                    56       2       2       0   .abs_section_56
     _TPM2C1V                                    59       2       2       0   .abs_section_59
     _TPM2C2V                                    5C       2       2       0   .abs_section_5c
     _TPM3CNT                                    61       2       2       0   .abs_section_61
     _TPM3MOD                                    63       2       2       0   .abs_section_63
     _TPM3C0V                                    66       2       2       0   .abs_section_66
     _TPM3C1V                                    69       2       2       0   .abs_section_69
     _TPM3C2V                                    6C       2       2       0   .abs_section_6c
     _TPM3C3V                                    6F       2       2       0   .abs_section_6f
     _TPM3C4V                                    72       2       2       0   .abs_section_72
     _TPM3C5V                                    75       2       2       0   .abs_section_75
     _SDID                                     1806       2       2       0   .abs_section_1806
     _DBGCA                                    1810       2       2       0   .abs_section_1810
     _DBGCB                                    1812       2       2       0   .abs_section_1812
     _DBGCC                                    1814       2       2       0   .abs_section_1814
     _DBGF                                     1816       2       2       0   .abs_section_1816
     _SCI2BD                                   1870       2       2       2   .abs_section_1870
MODULE:                 -- system_c.obj --
- PROCEDURES:
     sys_gpio_init                             AE93       C      12       1   .text       
     sys_radio_reset                           AE9F       C      12       2   .text       
     sys_watchdog_reset                        AEAB       4       4      12   .text       
     sys_irqs_disable                          AEAF       2       2       1   .text       
     sys_irqs_enable                           AEB1       2       2       2   .text       
     sys_clocks_init                           AEB3      34      52       1   .text       
     sys_reset                                 AEE7      28      40       1   .text       
     sys_init                                  AF0F      17      23       1   .text       
- VARIABLES:
     app_version                               8400      12      18       1   APPLICATION_VERSION
     app_ver_addr                              F1BC       4       4       0   .abs_section_f1bc
     NVPROT_INIT                               FFBD       1       1       0   .abs_section_ffbd
     NVOPT_INIT                                FFBF       1       1       0   .abs_section_ffbf
     app_rst                                    200       2       2       1   .abs_section_200
     bl_rst                                     204       2       2       1   .abs_section_204
     haddr_16                                   20C       2       2       0   .abs_section_20c
     haddr_64                                   20E       8       8       0   .abs_section_20e
MODULE:                 -- start08_c.obj --
- PROCEDURES:
     loadByte                                  8420       E      14       5   .init       
     Init                                      842E      6D     109       1   .init       
     _Startup                                  849B       9       9       1   .init       
- VARIABLES:
     _startupData                              84A4       6       6       4   .startData  
- LABELS:
     __SEG_END_SSTACK                           5A0       0       0       1               
MODULE:                 -- embedded.o (ansiis.lib) --
- PROCEDURES:
     printf                                    AF26      1C      28       9   .text       
- VARIABLES:
MODULE:                 -- printf.o (ansiis.lib) --
- PROCEDURES:
     vprintf                                   AF42     60B    1547      40   .text       
     _out                                      B54D       D      13       9   .text       
     set_printf                                B55A       C      12       1   .text       
     deposit_char                              B566      15      21       1   .text       
     sprintf                                   B57B      3B      59       1   .text       
- VARIABLES:
     pow10                                     85A4      28      40       4   .rodata     
     pow16                                     85CC      20      32       4   .rodata     
     pow8                                      85EC      2C      44       4   .rodata     
     pbuf                                       257       6       6      17   .bss        
MODULE:                 -- rtshc08.o (ansiis.lib) --
- PROCEDURES:
     _PUSH_ARGS_L                              B5B6      20      32       2   .text       
     _ENTER_UNARY_L                            B5D6      29      41       2   .text       
     _ENTER_BINARY_L                           B5FF      16      22       5   .text       
     _ENTER_BINARY_L_RC                        B615      19      25       3   .text       
     _IDIVMOD                                  B62E      69     105       3   .text       
     _SPLITSIGN                                B697      1C      28       1   .text       
     _LADD_k_is_k_plus_j                       B6B3      1F      31       2   .text       
     _k_is_k_plus_j_l                          B6D2      1E      30       2   .text       
     _k_is_k_plus_j_i                          B6F0      12      18       3   .text       
     _LSUB_k_is_k_minus_j                      B702      1F      31       1   .text       
     _LAND_k_is_k_and_j                        B721      1F      31       1   .text       
     _LMUL_k_is_k_mul_j                        B740      81     129       1   .text       
     _LDIVMOD                                  B7C1      A4     164       1   .text       
     _LDIVU_k_is_k_div_j                       B865      17      23       1   .text       
     _LCMP_k_rel_j                             B87C      1F      31       2   .text       
     _IMUL_STAR08                              B89B      27      39       5   .text       
     _IDIVU_STAR08                             B8C2       D      13       1   .text       
     _IMODS_STAR08                             B8CF      25      37       1   .text       
     _IMODU_STAR08                             B8F4      10      16       1   .text       
     _IASR                                     B904       C      12       3   .text       
     _ILSL                                     B910       C      12       2   .text       
     _ICMP                                     B91C      16      22       2   .text       
     _LNEG                                     B932      1C      28       1   .text       
     _LADD                                     B94E       6       6       4   .text       
     _LADD_RC                                  B954       6       6       1   .text       
     _LSUB                                     B95A       6       6       3   .text       
     _LAND_RC                                  B960       6       6       1   .text       
     _LMUL                                     B966       6       6       2   .text       
     _LDIVU                                    B96C       6       6       2   .text       
     _LASR                                     B972      16      22       2   .text       
     _LCMP                                     B988       6       6       5   .text       
     _LCMP_RC                                  B98E       6       6       1   .text       
     _COPY                                     B994      30      48      14   .text       
     _POP32                                    B9C4      1A      26      11   .text       
     _SEXT16_32                                B9DE       D      13       7   .text       
     _CALL_STAR08                              B9EB      20      32       9   .text       
     _Jump_Table_Addr                          BA0B      16      22       1   .text       
     _Jump_Table_Offset                        BA21      19      25       1   .text       
     _Jump_Table_Header_Addr                   BA3A      2F      47       1   .text       
     _Jump_Table_Header_Offset                 BA69      24      36       4   .text       
     _Search_Table_16_Offset                   BA8D      39      57       1   .text       
     _Search_Table_8_Addr                      BAC6      21      33       1   .text       
     _Search_Table_8_Offset                    BAE7      25      37       1   .text       
     _PUSH_CC                                  BB0C       F      15       3   .text       
     _POP_CC                                   BB1B       F      15       3   .text       
- VARIABLES:
MODULE:                 -- string.o (ansiis.lib) --
- PROCEDURES:
     memcpy                                    BB2A      3D      61       2   .text       
     memset                                    BB67      30      48       7   .text       
     strlen                                    BB97      27      39       1   .text       
- VARIABLES:

*********************************************************************************************
MODULE STATISTIC
  Name                                      Data   Code  Const
---------------------------------------------------------------------------------------------
  xbee_atcmd_c.obj                           156   3205     90
  xbee_cbuf_c.obj                              0    181      0
  xbee_device_c.obj                            0   1296      0
  xbee_transparent_serial_c.obj                0     23      0
  xbee_wpan_c.obj                              0    186      0
  wpan_aps_c.obj                               0    129      0
  wpan_types_c.obj                             0    114     42
  hexstrtobyte_c.obj                           0     83      0
  pan_init_c.obj                               0    206     62
  xbee_platform_hcs08_c.obj                    0     11      0
  xbee_serial_hcs08_c.obj                      8    649      0
  cbuffer_c.obj                                0    103      0
  main_c.obj                                   3    536      7
  tpm_c.obj                                    0    465      0
  timer_c.obj                                  1    478      0
  uart_c.obj                                 105    411      3
  rtc_c.obj                                   14    162      0
  gpios_c.obj                                  0      1      0
  adc_c.obj                                    0    231      0
  flash_c.obj                                  0     15      0
  hwinit_c.obj                               197   1421    485
  irq_vectors_c.obj                            0      3     64
  lvd_c.obj                                    0      3      0
  mc9s08qe32_c.obj                           160      0      0
  system_c.obj                                14    147     24
  start08_c.obj                                0    132      0
  embedded.o (ansiis.lib)                      0     28      0
  printf.o (ansiis.lib)                        6   1652    116
  rtshc08.o (ansiis.lib)                       0   1396      0
  string.o (ansiis.lib)                        0    148      0
  other                                      416     18     10

*********************************************************************************************
SECTION USE IN OBJECT-ALLOCATION SECTION
---------------------------------------------------------------------------------------------
SECTION: ".text"
  xbee_cmd_tick _xbee_cmd_handle_to_address _xbee_cmd_issue_list 
  _xbee_cmd_list_callback xbee_cmd_list_execute xbee_cmd_init_device 
  _xbee_cmd_query_handle_eo _xbee_cmd_query_handle_ai 
  _xbee_cmd_query_handle_end xbee_cmd_query_device xbee_cmd_query_status 
  xbee_cmd_create _xbee_cmd_release_request xbee_cmd_release_handle 
  xbee_cmd_set_command xbee_cmd_set_callback xbee_cmd_set_target 
  _xbee_cmd_encode_param xbee_cmd_set_param xbee_cmd_set_param_bytes 
  xbee_cmd_set_param_str xbee_cmd_send _xbee_cmd_handle_response 
  _xbee_cmd_modem_status xbee_cmd_simple xbee_cmd_execute xbee_cbuf_init 
  xbee_cbuf_putch xbee_cbuf_used xbee_cbuf_free xbee_cbuf_flush xbee_cbuf_get 
  xbee_next_frame_id xbee_dev_init xbee_dev_flowcontrol xbee_dev_tick 
  _xbee_checksum xbee_frame_write _xbee_frame_load _xbee_dev_modem_status 
  _xbee_frame_dispatch xbee_transparent_serial _xbee_endpoint_send 
  _xbee_wpan_tick xbee_wpan_init wpan_envelope_create wpan_envelope_send 
  addr64_format hexstrtobyte xbee_params_init sys_xbee_tick sys_xbee_init 
  xbee_seconds_timer xbee_ser_invalid xbee_ser_write xbee_ser_read 
  xbee_ser_tx_free xbee_ser_tx_used xbee_ser_rx_used xbee_ser_rx_flush 
  xbee_ser_baudrate xbee_ser_open xbee_ser_flowcontrol xbee_ser_set_rts 
  xbee_ser_get_cts radio_uart_isr cbuf_init cbuf_append 
  xbee_modem_status_handler tpm1ov_irq tpm2ov_irq process_samples main 
  tpm_get_baseaddr tpm_set_prescaler tpm_compute_modulo tpm_clock_gating 
  tpm2ch1_isr tpm3ch5_isr tpm3ch0_isr tpm2ch2_isr tpm1ch0_isr tpm3ov_isr 
  timer_config timer_set_timeout timer_irq_enable timer_set_mode timer_enable 
  tpm1ov_isr tpm2ov_isr uart_get_scibd uart_config uart_write uart_isr 
  TERMIO_PutChar radio_uart_config rtc_config delay_ticks rtc_set_timeout 
  rtc_timeout_expired rtc_isr gpio_isr adc_config adc_ch_enable adc_ch_read 
  flash_config radio_gpio_init gpio_init adc_init xbee_check_answer 
  xbee_get_answer radio_switch_to_api_mode_and_autorate sys_hw_init 
  sys_app_banner die lvd_isr sys_gpio_init sys_radio_reset sys_watchdog_reset 
  sys_irqs_disable sys_irqs_enable sys_clocks_init sys_reset sys_init printf 
  vprintf _out set_printf deposit_char sprintf _PUSH_ARGS_L _ENTER_UNARY_L 
  _ENTER_BINARY_L _ENTER_BINARY_L_RC _IDIVMOD _SPLITSIGN _LADD_k_is_k_plus_j 
  _k_is_k_plus_j_l _k_is_k_plus_j_i _LSUB_k_is_k_minus_j _LAND_k_is_k_and_j 
  _LMUL_k_is_k_mul_j _LDIVMOD _LDIVU_k_is_k_div_j _LCMP_k_rel_j _IMUL_STAR08 
  _IDIVU_STAR08 _IMODS_STAR08 _IMODU_STAR08 _IASR _ILSL _ICMP _LNEG _LADD 
  _LADD_RC _LSUB _LAND_RC _LMUL _LDIVU _LASR _LCMP _LCMP_RC _COPY _POP32 
  _SEXT16_32 _CALL_STAR08 _Jump_Table_Addr _Jump_Table_Offset 
  _Jump_Table_Header_Addr _Jump_Table_Header_Offset _Search_Table_16_Offset 
  _Search_Table_8_Addr _Search_Table_8_Offset _PUSH_CC _POP_CC memcpy memset 
  strlen 
SECTION: ".data"
  EMBER_SERIAL_PORT joined_network 
SECTION: ".bss"
  initialized.2 last_time.1 _flags adc_timer tx_timer timers_mode rxcb rxbuf 
  ticks uptime ms_uptime wait_for_tout1 wait_for_tout2 pbuf 
SECTION: ".init"
  loadByte Init _Startup 
SECTION: ".rodata"
  _xbee_atcmd_query_regs _WPAN_IEEE_ADDR_COORDINATOR endpoints_table_empty 
  xbee_frame_handlers rates modem_status_resp ATAC_cmd ATBD7_cmd ATBD7_resp 
  ATWR_cmd ATBPD_cmd ATBPR_cmd ATBPD_resp_fix ATBPR_resp_fix pow10 pow16 pow8 
SECTION: ".rodata1"
  STRING.0123456789abcdef.1 STRING.0123456789abcdef.2 STRING.1337.1 
  STRING.ID.2 STRING.NI.3 STRING.electricity.4 STRING.AO.5 STRING.E..ld..1 
  STRING....1 STRING.D5.1 STRING.D0.2 STRING.P0.3 STRING.D4.4 STRING.D1.5 
  STRING.PD.6 STRING.PR.7 STRING.....8 STRING.OK..9 STRING.ATAP1..10 
  STRING.OK..11 STRING.ATBD7..12 STRING.OK..13 STRING.ATWR..14 STRING.OK..15 
  STRING.ATCN..16 STRING.SM.17 STRING......................18 
  STRING...o.Application...s..19 STRING.electricity_meter.20 
  STRING...o.XBee.module...s..21 STRING.S2CTH.22 STRING...o.HW.address....s..23 
  STRING...o.HW.version...0x..24 STRING...o.FW.version...0x..25 
  STRING...coordinator...26 STRING...router...27 STRING...end.device...28 
  STRING...29 STRING...o.PAN.ID........s..30 STRING.1337.31 
  STRING......................32 
SECTION: "APPLICATION_VERSION"
  app_version 
SECTION: ".common"
  xbee_cmd_request_table _xbee_atcmd_query_regs_head ember_rxbuf xdev 
SECTION: ".abs_section_f1c0"
  vector_table 
SECTION: ".abs_section_0"
  _PTAD 
SECTION: ".abs_section_1"
  _PTADD 
SECTION: ".abs_section_2"
  _PTBD 
SECTION: ".abs_section_3"
  _PTBDD 
SECTION: ".abs_section_4"
  _PTCD 
SECTION: ".abs_section_5"
  _PTCDD 
SECTION: ".abs_section_6"
  _PTDD 
SECTION: ".abs_section_7"
  _PTDDD 
SECTION: ".abs_section_8"
  _PTED 
SECTION: ".abs_section_9"
  _PTEDD 
SECTION: ".abs_section_c"
  _KBI1SC 
SECTION: ".abs_section_d"
  _KBI1PE 
SECTION: ".abs_section_e"
  _KBI1ES 
SECTION: ".abs_section_f"
  _IRQSC 
SECTION: ".abs_section_10"
  _ADCSC1 
SECTION: ".abs_section_11"
  _ADCSC2 
SECTION: ".abs_section_16"
  _ADCCFG 
SECTION: ".abs_section_17"
  _APCTL1 
SECTION: ".abs_section_18"
  _APCTL2 
SECTION: ".abs_section_1a"
  _ACMP1SC 
SECTION: ".abs_section_1b"
  _ACMP2SC 
SECTION: ".abs_section_22"
  _SCI1C1 
SECTION: ".abs_section_23"
  _SCI1C2 
SECTION: ".abs_section_24"
  _SCI1S1 
SECTION: ".abs_section_25"
  _SCI1S2 
SECTION: ".abs_section_26"
  _SCI1C3 
SECTION: ".abs_section_27"
  _SCI1D 
SECTION: ".abs_section_28"
  _SPIC1 
SECTION: ".abs_section_29"
  _SPIC2 
SECTION: ".abs_section_2a"
  _SPIBR 
SECTION: ".abs_section_2b"
  _SPIS 
SECTION: ".abs_section_2d"
  _SPID 
SECTION: ".abs_section_30"
  _IICA 
SECTION: ".abs_section_31"
  _IICF 
SECTION: ".abs_section_32"
  _IICC1 
SECTION: ".abs_section_33"
  _IICS 
SECTION: ".abs_section_34"
  _IICD 
SECTION: ".abs_section_35"
  _IICC2 
SECTION: ".abs_section_38"
  _ICSC1 
SECTION: ".abs_section_39"
  _ICSC2 
SECTION: ".abs_section_3a"
  _ICSTRM 
SECTION: ".abs_section_3b"
  _ICSSC 
SECTION: ".abs_section_3c"
  _KBI2SC 
SECTION: ".abs_section_3d"
  _KBI2PE 
SECTION: ".abs_section_3e"
  _KBI2ES 
SECTION: ".abs_section_40"
  _TPM1SC 
SECTION: ".abs_section_45"
  _TPM1C0SC 
SECTION: ".abs_section_48"
  _TPM1C1SC 
SECTION: ".abs_section_4b"
  _TPM1C2SC 
SECTION: ".abs_section_50"
  _TPM2SC 
SECTION: ".abs_section_55"
  _TPM2C0SC 
SECTION: ".abs_section_58"
  _TPM2C1SC 
SECTION: ".abs_section_5b"
  _TPM2C2SC 
SECTION: ".abs_section_60"
  _TPM3SC 
SECTION: ".abs_section_65"
  _TPM3C0SC 
SECTION: ".abs_section_68"
  _TPM3C1SC 
SECTION: ".abs_section_6b"
  _TPM3C2SC 
SECTION: ".abs_section_6e"
  _TPM3C3SC 
SECTION: ".abs_section_71"
  _TPM3C4SC 
SECTION: ".abs_section_74"
  _TPM3C5SC 
SECTION: ".abs_section_1800"
  _SRS 
SECTION: ".abs_section_1801"
  _SBDFR 
SECTION: ".abs_section_1802"
  _SOPT1 
SECTION: ".abs_section_1803"
  _SOPT2 
SECTION: ".abs_section_1808"
  _SPMSC1 
SECTION: ".abs_section_1809"
  _SPMSC2 
SECTION: ".abs_section_180b"
  _SPMSC3 
SECTION: ".abs_section_180e"
  _SCGC1 
SECTION: ".abs_section_180f"
  _SCGC2 
SECTION: ".abs_section_1818"
  _DBGCAX 
SECTION: ".abs_section_1819"
  _DBGCBX 
SECTION: ".abs_section_181a"
  _DBGCCX 
SECTION: ".abs_section_181c"
  _DBGC 
SECTION: ".abs_section_181d"
  _DBGT 
SECTION: ".abs_section_181e"
  _DBGS 
SECTION: ".abs_section_181f"
  _DBGCNT 
SECTION: ".abs_section_1820"
  _FCDIV 
SECTION: ".abs_section_1821"
  _FOPT 
SECTION: ".abs_section_1823"
  _FCNFG 
SECTION: ".abs_section_1824"
  _FPROT 
SECTION: ".abs_section_1825"
  _FSTAT 
SECTION: ".abs_section_1826"
  _FCMD 
SECTION: ".abs_section_1830"
  _RTCSC 
SECTION: ".abs_section_1831"
  _RTCCNT 
SECTION: ".abs_section_1832"
  _RTCMOD 
SECTION: ".abs_section_1840"
  _PTAPE 
SECTION: ".abs_section_1841"
  _PTASE 
SECTION: ".abs_section_1842"
  _PTADS 
SECTION: ".abs_section_1844"
  _PTBPE 
SECTION: ".abs_section_1845"
  _PTBSE 
SECTION: ".abs_section_1846"
  _PTBDS 
SECTION: ".abs_section_1848"
  _PTCPE 
SECTION: ".abs_section_1849"
  _PTCSE 
SECTION: ".abs_section_184a"
  _PTCDS 
SECTION: ".abs_section_184c"
  _PTDPE 
SECTION: ".abs_section_184d"
  _PTDSE 
SECTION: ".abs_section_184e"
  _PTDDS 
SECTION: ".abs_section_1850"
  _PTEPE 
SECTION: ".abs_section_1851"
  _PTESE 
SECTION: ".abs_section_1852"
  _PTEDS 
SECTION: ".abs_section_1872"
  _SCI2C1 
SECTION: ".abs_section_1873"
  _SCI2C2 
SECTION: ".abs_section_1874"
  _SCI2S1 
SECTION: ".abs_section_1875"
  _SCI2S2 
SECTION: ".abs_section_1876"
  _SCI2C3 
SECTION: ".abs_section_1877"
  _SCI2D 
SECTION: ".abs_section_12"
  _ADCR 
SECTION: ".abs_section_14"
  _ADCCV 
SECTION: ".abs_section_20"
  _SCI1BD 
SECTION: ".abs_section_41"
  _TPM1CNT 
SECTION: ".abs_section_43"
  _TPM1MOD 
SECTION: ".abs_section_46"
  _TPM1C0V 
SECTION: ".abs_section_49"
  _TPM1C1V 
SECTION: ".abs_section_4c"
  _TPM1C2V 
SECTION: ".abs_section_51"
  _TPM2CNT 
SECTION: ".abs_section_53"
  _TPM2MOD 
SECTION: ".abs_section_56"
  _TPM2C0V 
SECTION: ".abs_section_59"
  _TPM2C1V 
SECTION: ".abs_section_5c"
  _TPM2C2V 
SECTION: ".abs_section_61"
  _TPM3CNT 
SECTION: ".abs_section_63"
  _TPM3MOD 
SECTION: ".abs_section_66"
  _TPM3C0V 
SECTION: ".abs_section_69"
  _TPM3C1V 
SECTION: ".abs_section_6c"
  _TPM3C2V 
SECTION: ".abs_section_6f"
  _TPM3C3V 
SECTION: ".abs_section_72"
  _TPM3C4V 
SECTION: ".abs_section_75"
  _TPM3C5V 
SECTION: ".abs_section_1806"
  _SDID 
SECTION: ".abs_section_1810"
  _DBGCA 
SECTION: ".abs_section_1812"
  _DBGCB 
SECTION: ".abs_section_1814"
  _DBGCC 
SECTION: ".abs_section_1816"
  _DBGF 
SECTION: ".abs_section_1870"
  _SCI2BD 
SECTION: ".abs_section_f1bc"
  app_ver_addr 
SECTION: ".abs_section_ffbd"
  NVPROT_INIT 
SECTION: ".abs_section_ffbf"
  NVOPT_INIT 
SECTION: ".abs_section_200"
  app_rst 
SECTION: ".abs_section_204"
  bl_rst 
SECTION: ".abs_section_20c"
  haddr_16 
SECTION: ".abs_section_20e"
  haddr_64 

*********************************************************************************************
OBJECT LIST SORTED BY ADDRESS
     Name                                      Addr   hSize   dSize     Ref    Section   RLIB
---------------------------------------------------------------------------------------------
     _PTAD                                        0       1       1       1   .abs_section_0
     _PTADD                                       1       1       1       1   .abs_section_1
     _PTBD                                        2       1       1       2   .abs_section_2
     _PTBDD                                       3       1       1       1   .abs_section_3
     _PTCD                                        4       1       1      11   .abs_section_4
     _PTCDD                                       5       1       1       6   .abs_section_5
     _PTDD                                        6       1       1       5   .abs_section_6
     _PTDDD                                       7       1       1       3   .abs_section_7
     _PTED                                        8       1       1       2   .abs_section_8
     _PTEDD                                       9       1       1       2   .abs_section_9
     _KBI1SC                                      C       1       1       1   .abs_section_c
     _KBI1PE                                      D       1       1       0   .abs_section_d
     _KBI1ES                                      E       1       1       0   .abs_section_e
     _IRQSC                                       F       1       1       0   .abs_section_f
     _ADCSC1                                     10       1       1       7   .abs_section_10
     _ADCSC2                                     11       1       1       1   .abs_section_11
     _ADCR                                       12       2       2       1   .abs_section_12
     _ADCCV                                      14       2       2       0   .abs_section_14
     _ADCCFG                                     16       1       1       1   .abs_section_16
     _APCTL1                                     17       1       1       4   .abs_section_17
     _APCTL2                                     18       1       1       3   .abs_section_18
     _ACMP1SC                                    1A       1       1       0   .abs_section_1a
     _ACMP2SC                                    1B       1       1       0   .abs_section_1b
     _SCI1BD                                     20       2       2       2   .abs_section_20
     _SCI1C1                                     22       1       1       3   .abs_section_22
     _SCI1C2                                     23       1       1       2   .abs_section_23
     _SCI1S1                                     24       1       1       3   .abs_section_24
     _SCI1S2                                     25       1       1       2   .abs_section_25
     _SCI1C3                                     26       1       1       4   .abs_section_26
     _SCI1D                                      27       1       1       3   .abs_section_27
     _SPIC1                                      28       1       1       0   .abs_section_28
     _SPIC2                                      29       1       1       0   .abs_section_29
     _SPIBR                                      2A       1       1       0   .abs_section_2a
     _SPIS                                       2B       1       1       0   .abs_section_2b
     _SPID                                       2D       1       1       0   .abs_section_2d
     _IICA                                       30       1       1       0   .abs_section_30
     _IICF                                       31       1       1       0   .abs_section_31
     _IICC1                                      32       1       1       0   .abs_section_32
     _IICS                                       33       1       1       0   .abs_section_33
     _IICD                                       34       1       1       0   .abs_section_34
     _IICC2                                      35       1       1       0   .abs_section_35
     _ICSC1                                      38       1       1       1   .abs_section_38
     _ICSC2                                      39       1       1       1   .abs_section_39
     _ICSTRM                                     3A       1       1       1   .abs_section_3a
     _ICSSC                                      3B       1       1       5   .abs_section_3b
     _KBI2SC                                     3C       1       1       0   .abs_section_3c
     _KBI2PE                                     3D       1       1       0   .abs_section_3d
     _KBI2ES                                     3E       1       1       0   .abs_section_3e
     _TPM1SC                                     40       1       1       2   .abs_section_40
     _TPM1CNT                                    41       2       2       0   .abs_section_41
     _TPM1MOD                                    43       2       2       0   .abs_section_43
     _TPM1C0SC                                   45       1       1       0   .abs_section_45
     _TPM1C0V                                    46       2       2       0   .abs_section_46
     _TPM1C1SC                                   48       1       1       0   .abs_section_48
     _TPM1C1V                                    49       2       2       0   .abs_section_49
     _TPM1C2SC                                   4B       1       1       0   .abs_section_4b
     _TPM1C2V                                    4C       2       2       0   .abs_section_4c
     _TPM2SC                                     50       1       1       2   .abs_section_50
     _TPM2CNT                                    51       2       2       0   .abs_section_51
     _TPM2MOD                                    53       2       2       0   .abs_section_53
     _TPM2C0SC                                   55       1       1       0   .abs_section_55
     _TPM2C0V                                    56       2       2       0   .abs_section_56
     _TPM2C1SC                                   58       1       1       0   .abs_section_58
     _TPM2C1V                                    59       2       2       0   .abs_section_59
     _TPM2C2SC                                   5B       1       1       0   .abs_section_5b
     _TPM2C2V                                    5C       2       2       0   .abs_section_5c
     _TPM3SC                                     60       1       1       1   .abs_section_60
     _TPM3CNT                                    61       2       2       0   .abs_section_61
     _TPM3MOD                                    63       2       2       0   .abs_section_63
     _TPM3C0SC                                   65       1       1       0   .abs_section_65
     _TPM3C0V                                    66       2       2       0   .abs_section_66
     _TPM3C1SC                                   68       1       1       0   .abs_section_68
     _TPM3C1V                                    69       2       2       0   .abs_section_69
     _TPM3C2SC                                   6B       1       1       0   .abs_section_6b
     _TPM3C2V                                    6C       2       2       0   .abs_section_6c
     _TPM3C3SC                                   6E       1       1       0   .abs_section_6e
     _TPM3C3V                                    6F       2       2       0   .abs_section_6f
     _TPM3C4SC                                   71       1       1       0   .abs_section_71
     _TPM3C4V                                    72       2       2       0   .abs_section_72
     _TPM3C5SC                                   74       1       1       0   .abs_section_74
     _TPM3C5V                                    75       2       2       0   .abs_section_75
     app_rst                                    200       2       2       1   .abs_section_200
     bl_rst                                     204       2       2       1   .abs_section_204
     haddr_16                                   20C       2       2       0   .abs_section_20c
     haddr_64                                   20E       8       8       0   .abs_section_20e
     EMBER_SERIAL_PORT                          216       7       7      20   .data       
     joined_network                             21D       1       1       3   .data       
     initialized.2                              21E       1       1       5   .bss        
     last_time.1                                21F       1       1       2   .bss        
     _flags                                     220       1       1      10   .bss        
     adc_timer                                  221       1       1       3   .bss        
     tx_timer                                   222       1       1       3   .bss        
     timers_mode                                223       1       1       9   .bss        
     rxcb                                       224       5       5       2   .bss        
     rxbuf                                      229      20      32       1   .bss        
     ticks                                      249       2       2       4   .bss        
     uptime                                     24B       4       4       2   .bss        
     ms_uptime                                  24F       4       4       1   .bss        
     wait_for_tout1                             253       2       2       4   .bss        
     wait_for_tout2                             255       2       2       4   .bss        
     pbuf                                       257       6       6      17   .bss        
     xbee_cmd_request_table                     25D      92     146       6   .common     
     _xbee_atcmd_query_regs_head                2EF       8       8       2   .common     
     ember_rxbuf                                2F7      44      68       2   .common     
     xdev                                       33B      C5     197      24   .common     
     _SRS                                      1800       1       1       2   .abs_section_1800
     _SBDFR                                    1801       1       1       0   .abs_section_1801
     _SOPT1                                    1802       1       1       2   .abs_section_1802
     _SOPT2                                    1803       1       1       0   .abs_section_1803
     _SDID                                     1806       2       2       0   .abs_section_1806
     _SPMSC1                                   1808       1       1       0   .abs_section_1808
     _SPMSC2                                   1809       1       1       0   .abs_section_1809
     _SPMSC3                                   180B       1       1       0   .abs_section_180b
     _SCGC1                                    180E       1       1      12   .abs_section_180e
     _SCGC2                                    180F       1       1       3   .abs_section_180f
[...]
 |  |  |  |  +- xbee_ser_open       
 |  |  |  |     | 
 |  |  |  |     +- xbee_ser_baudrate   
 |  |  |  |        | 
 |  |  |  |        +- _Search_Table_16_Offset
 |  |  |  |        |    
 |  |  |  |        +- _COPY               
 |  |  |  |             
 |  |  |  +- xbee_ser_write      
 |  |  |  |    
 |  |  |  +- xbee_ser_rx_flush   
 |  |  |  |  | 
 |  |  |  |  +- xbee_cbuf_flush     
 |  |  |  |       
 |  |  |  +- delay_ticks         
 |  |  |     | 
 |  |  |     +- sys_watchdog_reset   (see above)
 |  |  |        
 |  |  +- radio_uart_config    (see above)
 |  |  |  
 |  |  +- xbee_ser_write       (see above)
 |  |  |  
 |  |  +- xbee_get_answer     
 |  |  |  | 
 |  |  |  +- rtc_set_timeout      (see above)
 |  |  |  |  
 |  |  |  +- sys_watchdog_reset   (see above)
 |  |  |  |  
 |  |  |  +- rtc_timeout_expired  (see above)
 |  |  |  |  
 |  |  |  +- xbee_ser_rx_used     (see above)
 |  |  |  |  
 |  |  |  +- _ICMP               
 |  |  |  |    
 |  |  |  +- xbee_ser_read        (see above)
 |  |  |     
 |  |  +- xbee_dev_init       
 |  |  |  | 
 |  |  |  +- memset              
 |  |  |  |    
 |  |  |  +- _CALL_STAR08        
 |  |  |  |    
 |  |  |  +- _COPY                (see above)
 |  |  |  |  
 |  |  |  +- xbee_ser_open        (see above)
 |  |  |  |  
 |  |  |  +- xbee_ser_flowcontrol
 |  |  |     | 
 |  |  |     +- xbee_cbuf_free       (see above)
 |  |  |     |  
 |  |  |     +- xbee_ser_set_rts     (see above)
 |  |  |        
 |  |  +- xbee_dev_flowcontrol
 |  |  |    
 |  |  +- xbee_cmd_simple     
 |  |  |  | 
 |  |  |  +- _xbee_cmd_encode_param
 |  |  |  |  | 
 |  |  |  |  +- _LAND_RC            
 |  |  |  |  |  | 
 |  |  |  |  |  +- _ENTER_BINARY_L_RC  
 |  |  |  |  |  |  | 
 |  |  |  |  |  |  +- _PUSH_ARGS_L        
 |  |  |  |  |  |       
 |  |  |  |  |  +- _LAND_k_is_k_and_j  
 |  |  |  |  |       
 |  |  |  |  +- _LCMP_RC            
 |  |  |  |  |  | 
 |  |  |  |  |  +- _ENTER_BINARY_L_RC   (see above)
 |  |  |  |  |  |  
 |  |  |  |  |  +- _LCMP_k_rel_j       
 |  |  |  |  |       
 |  |  |  |  +- _COPY                (see above)
 |  |  |  |     
 |  |  |  +- xbee_frame_write    
 |  |  |     | 
 |  |  |     +- xbee_ser_invalid    
 |  |  |     |    
 |  |  |     +- xbee_ser_get_cts    
 |  |  |     |    
 |  |  |     +- xbee_ser_tx_free    
 |  |  |     |    
 |  |  |     +- xbee_ser_tx_used    
 |  |  |     |    
 |  |  |     +- xbee_ser_write       (see above)
 |  |  |     |  
 |  |  |     +- _xbee_checksum      
 |  |  |          
 |  |  +- radio_gpio_init     
 |  |  |  | 
 |  |  |  +- xbee_cmd_simple      (see above)
 |  |  |     
 |  |  +- sys_irqs_disable    
 |  |  |    
 |  |  +- gpio_init           
 |  |  |    
 |  |  +- adc_init            
 |  |  |  | 
 |  |  |  +- adc_config          
 |  |  |  |    
 |  |  |  +- adc_ch_enable       
 |  |  |     | 
 |  |  |     +- _IASR               
 |  |  |          
 |  |  +- flash_config        
 |  |       
 |  +- sys_xbee_init       
 |  |  | 
 |  |  +- xbee_params_init    
 |  |  |  | 
 |  |  |  +- hexstrtobyte        
 |  |  |  |    
 |  |  |  +- xbee_cmd_execute    
 |  |  |  |  | 
 |  |  |  |  +- xbee_next_frame_id  
 |  |  |  |  |    
 |  |  |  |  +- xbee_frame_write     (see above)
 |  |  |  |     
 |  |  |  +- sys_watchdog_reset   (see above)
 |  |  |  |  
 |  |  |  +- xbee_cmd_simple      (see above)
 |  |  |     
 |  |  +- xbee_wpan_init      
 |  |  |  | 
 |  |  |  +- _xbee_wpan_tick     
 |  |  |  |  | 
 |  |  |  |  +- xbee_dev_tick       
 |  |  |  |     | 
 |  |  |  |     +- _xbee_frame_load    
 |  |  |  |        | 
 |  |  |  |        +- xbee_ser_invalid     (see above)
 |  |  |  |        |  
 |  |  |  |        +- _Jump_Table_Header_Addr
 |  |  |  |        |    
 |  |  |  |        +- xbee_ser_read        (see above)
 |  |  |  |        |  
 |  |  |  |        +- _xbee_checksum       (see above)
 |  |  |  |        |  
 |  |  |  |        +- _xbee_frame_dispatch
 |  |  |  |           | 
 |  |  |  |           +- _xbee_dev_modem_status
 |  |  |  |           |  | 
 |  |  |  |           |  +- _Jump_Table_Offset  
 |  |  |  |           |       
 |  |  |  |           +- xbee_frame_handlers 
 |  |  |  |           |  | 
 |  |  |  |           |  +- _xbee_cmd_handle_response
 |  |  |  |           |  |  | 
 |  |  |  |           |  |  +- _COPY                (see above)
 |  |  |  |           |  |  |  
 |  |  |  |           |  |  +- _Jump_Table_Header_Offset
 |  |  |  |           |  |  |    
 |  |  |  |           |  |  +- _CALL_STAR08         (see above)
 |  |  |  |           |  |  |  
 |  |  |  |           |  |  +- xbee_seconds_timer  
 |  |  |  |           |  |  |  | 
 |  |  |  |           |  |  |  +- _COPY                (see above)
 |  |  |  |           |  |  |     
 |  |  |  |           |  |  +- _xbee_cmd_release_request
 |  |  |  |           |  |       
 |  |  |  |           |  +- _xbee_cmd_modem_status
 |  |  |  |           |  |  | 
 |  |  |  |           |  |  +- xbee_cmd_query_device (recursive dependency)
 |  |  |  |           |  |     | 
 |  |  |  |           |  |     +- _xbee_atcmd_query_regs
 |  |  |  |           |  |     |  | 
 |  |  |  |           |  |     |  +- _xbee_cmd_query_handle_eo
 |  |  |  |           |  |     |  |    
 |  |  |  |           |  |     |  +- _xbee_cmd_query_handle_ai
 |  |  |  |           |  |     |  |    
 |  |  |  |           |  |     |  +- _xbee_cmd_query_handle_end (recursive dependency)
 |  |  |  |           |  |     |     | 
 |  |  |  |           |  |     |     +- xbee_cmd_query_device (see above) (recursive dependency)
 |  |  |  |           |  |     |        
 |  |  |  |           |  |     +- xbee_cmd_list_execute (recursive dependency)
 |  |  |  |           |  |        | 
 |  |  |  |           |  |        +- _xbee_cmd_issue_list (recursive dependency)
 |  |  |  |           |  |        |  | 
 |  |  |  |           |  |        |  +- _IMUL_STAR08        
 |  |  |  |           |  |        |  |    
 |  |  |  |           |  |        |  +- xbee_cmd_create      (recursive dependency)
 |  |  |  |           |  |        |  |  | 
 |  |  |  |           |  |        |  |  +- memset               (see above)
 |  |  |  |           |  |        |  |  |  
 |  |  |  |           |  |        |  |  +- xbee_cmd_init_device (recursive dependency)
 |  |  |  |           |  |        |  |  |  | 
 |  |  |  |           |  |        |  |  |  +- xbee_cmd_query_device (see above) (recursive dependency)
 |  |  |  |           |  |        |  |  |     
 |  |  |  |           |  |        |  |  +- xbee_cmd_tick        (recursive dependency)
 |  |  |  |           |  |        |  |  |  | 
 |  |  |  |           |  |        |  |  |  +- xbee_seconds_timer   (see above)
 |  |  |  |           |  |        |  |  |  |  
 |  |  |  |           |  |        |  |  |  +- memset               (see above)
 |  |  |  |           |  |        |  |  |  |  
 |  |  |  |           |  |        |  |  |  +- _CALL_STAR08         (see above)
 |  |  |  |           |  |        |  |  |  |  
 |  |  |  |           |  |        |  |  |  +- _xbee_cmd_release_request (see above)
 |  |  |  |           |  |        |  |  |  |  
 |  |  |  |           |  |        |  |  |  +- xbee_cmd_query_device (see above) (recursive dependency)
 |  |  |  |           |  |        |  |  |     
 |  |  |  |           |  |        |  |  +- xbee_seconds_timer   (see above)
 |  |  |  |           |  |        |  |     
 |  |  |  |           |  |        |  +- xbee_cmd_set_command
 |  |  |  |           |  |        |  |  | 
 |  |  |  |           |  |        |  |  +- _xbee_cmd_handle_to_address
 |  |  |  |           |  |        |  |     | 
 |  |  |  |           |  |        |  |     +- _IASR                (see above)
 |  |  |  |           |  |        |  |        
 |  |  |  |           |  |        |  +- _Jump_Table_Header_Offset (see above)
 |  |  |  |           |  |        |  |  
 |  |  |  |           |  |        |  +- xbee_cmd_set_param_bytes
 |  |  |  |           |  |        |  |  | 
 |  |  |  |           |  |        |  |  +- _xbee_cmd_handle_to_address (see above)
 |  |  |  |           |  |        |  |  |  
 |  |  |  |           |  |        |  |  +- memcpy              
 |  |  |  |           |  |        |  |       
 |  |  |  |           |  |        |  +- xbee_cmd_set_param_str
 |  |  |  |           |  |        |  |  | 
 |  |  |  |           |  |        |  |  +- strlen              
 |  |  |  |           |  |        |  |  |    
 |  |  |  |           |  |        |  |  +- xbee_cmd_set_param_bytes (see above)
 |  |  |  |           |  |        |  |     
 |  |  |  |           |  |        |  +- _COPY                (see above)
 |  |  |  |           |  |        |  |  
 |  |  |  |           |  |        |  +- xbee_cmd_set_param  
 |  |  |  |           |  |        |     | 
 |  |  |  |           |  |        |     +- _xbee_cmd_handle_to_address (see above)
 |  |  |  |           |  |        |     |  
 |  |  |  |           |  |        |     +- _xbee_cmd_encode_param (see above)
 |  |  |  |           |  |        |        
 |  |  |  |           |  |        +- xbee_cmd_set_target 
 |  |  |  |           |  |        |  | 
 |  |  |  |           |  |        |  +- _xbee_cmd_handle_to_address (see above)
 |  |  |  |           |  |        |  |  
 |  |  |  |           |  |        |  +- memset               (see above)
 |  |  |  |           |  |        |  |  
 |  |  |  |           |  |        |  +- _COPY                (see above)
 |  |  |  |           |  |        |     
 |  |  |  |           |  |        +- _xbee_cmd_list_callback
 |  |  |  |           |  |        |  | 
 |  |  |  |           |  |        |  +- _CALL_STAR08         (see above)
 |  |  |  |           |  |        |  |  
 |  |  |  |           |  |        |  +- _IMUL_STAR08         (see above)
 |  |  |  |           |  |        |  |  
 |  |  |  |           |  |        |  +- _ICMP                (see above)
 |  |  |  |           |  |        |  |  
 |  |  |  |           |  |        |  +- _PUSH_CC            
 |  |  |  |           |  |        |  |    
 |  |  |  |           |  |        |  +- _POP_CC             
 |  |  |  |           |  |        |  |    
 |  |  |  |           |  |        |  +- memcpy               (see above)
 |  |  |  |           |  |        |  |  
 |  |  |  |           |  |        |  +- memset               (see above)
 |  |  |  |           |  |        |  |  
 |  |  |  |           |  |        |  +- _Jump_Table_Header_Offset (see above)
 |  |  |  |           |  |        |  |  
 |  |  |  |           |  |        |  +- _COPY                (see above)
 |  |  |  |           |  |        |  |  
 |  |  |  |           |  |        |  +- _xbee_cmd_issue_list (see above) (recursive dependency)
 |  |  |  |           |  |        |  |  
 |  |  |  |           |  |        |  +- xbee_cmd_send       
 |  |  |  |           |  |        |  |  | 
 |  |  |  |           |  |        |  |  +- _xbee_cmd_handle_to_address (see above)
 |  |  |  |           |  |        |  |  |  
 |  |  |  |           |  |        |  |  +- xbee_next_frame_id   (see above)
 |  |  |  |           |  |        |  |  |  
 |  |  |  |           |  |        |  |  +- _COPY                (see above)
 |  |  |  |           |  |        |  |  |  
 |  |  |  |           |  |        |  |  +- xbee_frame_write     (see above)
 |  |  |  |           |  |        |  |  |  
 |  |  |  |           |  |        |  |  +- xbee_seconds_timer   (see above)
 |  |  |  |           |  |        |  |  |  
 |  |  |  |           |  |        |  |  +- _xbee_cmd_release_request (see above)
 |  |  |  |           |  |        |  |     
 |  |  |  |           |  |        |  +- xbee_cmd_release_handle
 |  |  |  |           |  |        |     | 
 |  |  |  |           |  |        |     +- _xbee_cmd_handle_to_address (see above)
 |  |  |  |           |  |        |     |  
 |  |  |  |           |  |        |     +- _xbee_cmd_release_request (see above)
 |  |  |  |           |  |        |        
 |  |  |  |           |  |        +- xbee_cmd_set_callback
 |  |  |  |           |  |        |  | 
 |  |  |  |           |  |        |  +- _xbee_cmd_handle_to_address (see above)
 |  |  |  |           |  |        |     
 |  |  |  |           |  |        +- xbee_cmd_send        (see above)
 |  |  |  |           |  |           
 |  |  |  |           |  +- xbee_modem_status_handler
 |  |  |  |           |       
 |  |  |  |           +- _CALL_STAR08         (see above)
 |  |  |  |              
 |  |  |  +- _xbee_endpoint_send 
 |  |  |     | 
 |  |  |     +- xbee_next_frame_id   (see above)
 |  |  |     |  
 |  |  |     +- _COPY                (see above)
 |  |  |     |  
 |  |  |     +- _PUSH_CC             (see above)
 |  |  |     |  
 |  |  |     +- _POP_CC              (see above)
 |  |  |     |  
 |  |  |     +- xbee_frame_write     (see above)
 |  |  |        
 |  |  +- xbee_cmd_init_device (see above) (recursive dependency)
 |  |  |  
 |  |  +- xbee_dev_tick        (see above)
 |  |  |  
 |  |  +- sys_watchdog_reset   (see above)
 |  |  |  
 |  |  +- xbee_cmd_query_status
 |  |     | 
 |  |     +- xbee_cmd_tick        (see above) (recursive dependency)
 |  |        
 |  +- sys_app_banner      
 |  |  | 
 |  |  +- sys_watchdog_reset   (see above)
 |  |  |  
 |  |  +- printf              
 |  |  |  | 
 |  |  |  +- TERMIO_PutChar      
 |  |  |  |  | 
 |  |  |  |  +- uart_write          
 |  |  |  |       
 |  |  |  +- set_printf          
 |  |  |  |    
 |  |  |  +- vprintf             
 |  |  |     | 
 |  |  |     +- _out                
 |  |  |     |    
 |  |  |     +- _Search_Table_8_Offset
 |  |  |     |    
 |  |  |     +- _IMUL_STAR08         (see above)
 |  |  |     |  
 |  |  |     +- _Jump_Table_Addr    
 |  |  |     |    
 |  |  |     +- _Search_Table_8_Addr
 |  |  |     |    
 |  |  |     +- _SEXT16_32          
 |  |  |     |    
 |  |  |     +- _POP32              
 |  |  |     |    
 |  |  |     +- _LNEG               
 |  |  |     |  | 
 |  |  |     |  +- _ENTER_UNARY_L      
 |  |  |     |       
 |  |  |     +- _LCMP               
 |  |  |     |  | 
 |  |  |     |  +- _ENTER_BINARY_L     
 |  |  |     |  |  | 
 |  |  |     |  |  +- _PUSH_ARGS_L         (see above)
 |  |  |     |  |     
 |  |  |     |  +- _LCMP_k_rel_j        (see above)
 |  |  |     |     
 |  |  |     +- _COPY                (see above)
 |  |  |     |  
 |  |  |     +- _LSUB               
 |  |  |        | 
 |  |  |        +- _ENTER_BINARY_L      (see above)
 |  |  |        |  
 |  |  |        +- _LSUB_k_is_k_minus_j
 |  |  |             
 |  |  +- addr64_format       
 |  |       
 |  +- wpan_envelope_create
 |  |  | 
 |  |  +- memset               (see above)
 |  |  |  
 |  |  +- _COPY                (see above)
 |  |     
 |  +- timer_config        
 |  |  | 
 |  |  +- timer_set_mode      
 |  |  |    
 |  |  +- timer_enable        
 |  |  |  | 
 |  |  |  +- tpm_clock_gating    
 |  |  |  |  | 
 |  |  |  |  +- _Jump_Table_Header_Offset (see above)
 |  |  |  |     
 |  |  |  +- tpm_get_baseaddr    
 |  |  |  |    
 |  |  |  +- timer_irq_enable    
 |  |  |     | 
 |  |  |     +- tpm_get_baseaddr     (see above)
 |  |  |        
 |  |  +- timer_set_timeout   
 |  |     | 
 |  |     +- tpm_set_prescaler   
 |  |     |  | 
 |  |     |  +- _LCMP                (see above)
 |  |     |  |  
 |  |     |  +- tpm_get_baseaddr     (see above)
 |  |     |     
 |  |     +- tpm_get_baseaddr     (see above)
 |  |     |  
 |  |     +- tpm_compute_modulo  
 |  |        | 
 |  |        +- _LMUL               
 |  |        |  | 
 |  |        |  +- _ENTER_BINARY_L      (see above)
 |  |        |  |  
 |  |        |  +- _LMUL_k_is_k_mul_j  
 |  |        |     | 
 |  |        |     +- _k_is_k_plus_j_l    
 |  |        |     |    
 |  |        |     +- _k_is_k_plus_j_i    
 |  |        |          
 |  |        +- _PUSH_CC             (see above)
 |  |        |  
 |  |        +- _POP_CC              (see above)
 |  |        |  
 |  |        +- _ILSL               
 |  |        |    
 |  |        +- _SEXT16_32           (see above)
 |  |        |  
 |  |        +- _LDIVU              
 |  |           | 
 |  |           +- _ENTER_BINARY_L      (see above)
 |  |           |  
 |  |           +- _LDIVU_k_is_k_div_j 
 |  |              | 
 |  |              +- _LDIVMOD            
 |  |                   
 |  +- adc_ch_read         
 |  |  | 
 |  |  +- _IASR                (see above)
 |  |     
 |  +- timer_irq_enable     (see above)
 |  |  
 |  +- process_samples     
 |  |  | 
 |  |  +- _SEXT16_32           (see above)
 |  |  |  
 |  |  +- _LADD               
 |  |  |  | 
 |  |  |  +- _ENTER_BINARY_L      (see above)
 |  |  |  |  
 |  |  |  +- _LADD_k_is_k_plus_j 
 |  |  |       
 |  |  +- _POP32               (see above)
 |  |  |  
 |  |  +- _LASR               
 |  |  |  | 
 |  |  |  +- _ENTER_UNARY_L       (see above)
 |  |  |     
 |  |  +- sys_watchdog_reset   (see above)
 |  |  |  
 |  |  +- _LSUB                (see above)
 |  |  |  
 |  |  +- _LMUL                (see above)
 |  |     
 |  +- sprintf             
 |  |  | 
 |  |  +- deposit_char        
 |  |  |    
 |  |  +- vprintf              (see above)
 |  |     
 |  +- xbee_transparent_serial
 |  |  | 
 |  |  +- wpan_envelope_send  
 |  |     | 
 |  |     +- _CALL_STAR08         (see above)
 |  |        
 |  +- sys_watchdog_reset   (see above)
 |  |  
 |  +- sys_xbee_tick       
 |     | 
 |     +- xbee_cmd_tick        (see above) (recursive dependency)
 |     |  
 |     +- xbee_dev_tick        (see above)
 |        
 +- _Startup            
    | 
    +- Init                
    |  | 
    |  +- loadByte            
    |       
    +- main                 (see above)
       
 vector_table        
 | 
 +- tpm3ov_isr          
 |    
 +- tpm3ch5_isr         
 |    
 +- die                 
 |    
 +- tpm3ch0_isr         
 |    
 +- rtc_isr             
 |  | 
 |  +- _LADD_RC            
 |  |  | 
 |  |  +- _ENTER_BINARY_L_RC   (see above)
 |  |  |  
 |  |  +- _LADD_k_is_k_plus_j  (see above)
 |  |     
 |  +- _POP32               (see above)
 |  |  
 |  +- _IDIVU_STAR08       
 |  |  | 
 |  |  +- _IDIVMOD            
 |  |       
 |  +- _LADD                (see above)
 |  |  
 |  +- _IMODU_STAR08       
 |     | 
 |     +- _IDIVMOD             (see above)
 |        
 +- radio_uart_isr      
 |  | 
 |  +- xbee_cbuf_putch     
 |  |    
 |  +- xbee_cbuf_free       (see above)
 |     
 +- gpio_isr            
 |    
 +- uart_isr            
 |  | 
 |  +- cbuf_append         
 |     | 
 |     +- _IMODS_STAR08       
 |        | 
 |        +- _SPLITSIGN          
 |           | 
 |           +- _IDIVMOD             (see above)
 |              
 +- tpm2ov_isr          
 |  | 
 |  +- timer_enable         (see above)
 |  |  
 |  +- tpm_get_baseaddr     (see above)
 |  |  
 |  +- tpm2ov_irq          
 |       
 +- tpm2ch2_isr         
 |    
 +- tpm2ch1_isr         
 |    
 +- tpm1ov_isr          
 |  | 
 |  +- timer_enable         (see above)
 |  |  
 |  +- tpm_get_baseaddr     (see above)
 |  |  
 |  +- tpm1ov_irq          
 |       
 +- tpm1ch0_isr         
 |    
 +- lvd_isr             
 |    
 +- _Startup             (see above)
    
 app_ver_addr        
   
*********************************************************************************************
STATISTIC SECTION
---------------------------------------------------------------------------------------------

ExeFile:
--------
Number of blocks to be downloaded: 9
Total size of all blocks to be downloaded: 14336

