*** EVALUATION ***
PROGRAM "serial_bypass.abs"

*********************************************************************************************
TARGET SECTION
---------------------------------------------------------------------------------------------
Processor   : Freescale HC08
Memory Model: SMALL
File Format : ELF\DWARF 2.0
Linker      : SmartLinker V-5.0.48 Build 11346, Dec 13 2011

*********************************************************************************************
FILE SECTION
---------------------------------------------------------------------------------------------
zigbee_zcl_c.obj                        Model: SMALL,         Lang: ANSI-C
xbee_atcmd_c.obj                        Model: SMALL,         Lang: ANSI-C
xbee_cbuf_c.obj                         Model: SMALL,         Lang: ANSI-C
xbee_device_c.obj                       Model: SMALL,         Lang: ANSI-C
xbee_ota_server_c.obj                   Model: SMALL,         Lang: ANSI-C
xbee_wpan_c.obj                         Model: SMALL,         Lang: ANSI-C
wpan_aps_c.obj                          Model: SMALL,         Lang: ANSI-C
wpan_types_c.obj                        Model: SMALL,         Lang: ANSI-C
hexstrtobyte_c.obj                      Model: SMALL,         Lang: ANSI-C
endpoints_c.obj                         Model: SMALL,         Lang: ANSI-C
ota_fw_update_c.obj                     Model: SMALL,         Lang: ANSI-C
pan_init_c.obj                          Model: SMALL,         Lang: ANSI-C
xbee_platform_hcs08_c.obj               Model: SMALL,         Lang: ANSI-C
xbee_serial_hcs08_c.obj                 Model: SMALL,         Lang: ANSI-C
cbuffer_c.obj                           Model: SMALL,         Lang: ANSI-C
UARTandPassThru_c.obj                   Model: SMALL,         Lang: ANSI-C
main_c.obj                              Model: SMALL,         Lang: ANSI-C
tpm_c.obj                               Model: SMALL,         Lang: ANSI-C
uart_c.obj                              Model: SMALL,         Lang: ANSI-C
rtc_c.obj                               Model: SMALL,         Lang: ANSI-C
gpios_c.obj                             Model: SMALL,         Lang: ANSI-C
flash_c.obj                             Model: SMALL,         Lang: ANSI-C
hwinit_c.obj                            Model: SMALL,         Lang: ANSI-C
irq_vectors_c.obj                       Model: SMALL,         Lang: ANSI-C
lvd_c.obj                               Model: SMALL,         Lang: ANSI-C
mc9s08qe32_c.obj                        Model: SMALL,         Lang: ANSI-C
system_c.obj                            Model: SMALL,         Lang: ANSI-C
start08_c.obj                           Model: SMALL,         Lang: ANSI-C
embedded.o (ansifs.lib)                 Model: SMALL,         Lang: ANSI-C
math08f.o (ansifs.lib)                  Model: SMALL,         Lang: ANSI-C
printf.o (ansifs.lib)                   Model: SMALL,         Lang: ANSI-C
rtshc08.o (ansifs.lib)                  Model: SMALL,         Lang: ANSI-C
string.o (ansifs.lib)                   Model: SMALL,         Lang: ANSI-C

*********************************************************************************************
STARTUP SECTION
---------------------------------------------------------------------------------------------
Entry point: 0x849B (_Startup)
_startupData is allocated at 0x84A4 and uses 6 Bytes
extern struct _tagStartup {
  unsigned nofZeroOut     1
  _Range   pZeroOut       0x216     486
  _Copy    *toCopyDownBeg 0xCA00
} _startupData;

*********************************************************************************************
SECTION-ALLOCATION SECTION
Section Name                    Size  Type     From       To       Segment
---------------------------------------------------------------------------------------------
.data                              7   R/W      0x216      0x21C   HIGH_RAM
APPLICATION_VERSION               14     R     0x8400     0x840D   APP_VER_DATA
.init                            132     R     0x8420     0x84A3   APP_ROM
.startData                        18     R     0x84A4     0x84B5   APP_ROM
.rodata                          501     R     0x84B6     0x86AA   APP_ROM
.rodata1                         783     R     0x86AB     0x89B9   APP_ROM
.text                          16454     R     0x89BA     0xC9FF   APP_ROM
.copy                              7     R     0xCA00     0xCA06   APP_ROM
.abs_section_f1c0                 64     R     0xF1C0     0xF1FF   .absSeg0
.abs_section_0                     1   N/I        0x0        0x0   .absSeg1
.abs_section_1                     1   N/I        0x1        0x1   .absSeg2
.abs_section_2                     1   N/I        0x2        0x2   .absSeg3
.abs_section_3                     1   N/I        0x3        0x3   .absSeg4
.abs_section_4                     1   N/I        0x4        0x4   .absSeg5
.abs_section_5                     1   N/I        0x5        0x5   .absSeg6
.abs_section_6                     1   N/I        0x6        0x6   .absSeg7
.abs_section_7                     1   N/I        0x7        0x7   .absSeg8
.abs_section_8                     1   N/I        0x8        0x8   .absSeg9
.abs_section_9                     1   N/I        0x9        0x9   .absSeg10
.abs_section_c                     1   N/I        0xC        0xC   .absSeg11
.abs_section_d                     1   N/I        0xD        0xD   .absSeg12
.abs_section_e                     1   N/I        0xE        0xE   .absSeg13
.abs_section_f                     1   N/I        0xF        0xF   .absSeg14
.abs_section_10                    1   N/I       0x10       0x10   .absSeg15
.abs_section_11                    1   N/I       0x11       0x11   .absSeg16
.abs_section_16                    1   N/I       0x16       0x16   .absSeg17
.abs_section_17                    1   N/I       0x17       0x17   .absSeg18
.abs_section_18                    1   N/I       0x18       0x18   .absSeg19
.abs_section_1a                    1   N/I       0x1A       0x1A   .absSeg20
.abs_section_1b                    1   N/I       0x1B       0x1B   .absSeg21
.abs_section_22                    1   N/I       0x22       0x22   .absSeg22
.abs_section_23                    1   N/I       0x23       0x23   .absSeg23
.abs_section_24                    1   N/I       0x24       0x24   .absSeg24
.abs_section_25                    1   N/I       0x25       0x25   .absSeg25
.abs_section_26                    1   N/I       0x26       0x26   .absSeg26
.abs_section_27                    1   N/I       0x27       0x27   .absSeg27
.abs_section_28                    1   N/I       0x28       0x28   .absSeg28
.abs_section_29                    1   N/I       0x29       0x29   .absSeg29
.abs_section_2a                    1   N/I       0x2A       0x2A   .absSeg30
.abs_section_2b                    1   N/I       0x2B       0x2B   .absSeg31
.abs_section_2d                    1   N/I       0x2D       0x2D   .absSeg32
.abs_section_30                    1   N/I       0x30       0x30   .absSeg33
.abs_section_31                    1   N/I       0x31       0x31   .absSeg34
.abs_section_32                    1   N/I       0x32       0x32   .absSeg35
.abs_section_33                    1   N/I       0x33       0x33   .absSeg36
.abs_section_34                    1   N/I       0x34       0x34   .absSeg37
.abs_section_35                    1   N/I       0x35       0x35   .absSeg38
.abs_section_38                    1   N/I       0x38       0x38   .absSeg39
.abs_section_39                    1   N/I       0x39       0x39   .absSeg40
.abs_section_3a                    1   N/I       0x3A       0x3A   .absSeg41
.abs_section_3b                    1   N/I       0x3B       0x3B   .absSeg42
.abs_section_3c                    1   N/I       0x3C       0x3C   .absSeg43
.abs_section_3d                    1   N/I       0x3D       0x3D   .absSeg44
.abs_section_3e                    1   N/I       0x3E       0x3E   .absSeg45
.abs_section_40                    1   N/I       0x40       0x40   .absSeg46
.abs_section_45                    1   N/I       0x45       0x45   .absSeg47
.abs_section_48                    1   N/I       0x48       0x48   .absSeg48
.abs_section_4b                    1   N/I       0x4B       0x4B   .absSeg49
.abs_section_50                    1   N/I       0x50       0x50   .absSeg50
.abs_section_55                    1   N/I       0x55       0x55   .absSeg51
.abs_section_58                    1   N/I       0x58       0x58   .absSeg52
.abs_section_5b                    1   N/I       0x5B       0x5B   .absSeg53
.abs_section_60                    1   N/I       0x60       0x60   .absSeg54
.abs_section_65                    1   N/I       0x65       0x65   .absSeg55
.abs_section_68                    1   N/I       0x68       0x68   .absSeg56
.abs_section_6b                    1   N/I       0x6B       0x6B   .absSeg57
.abs_section_6e                    1   N/I       0x6E       0x6E   .absSeg58
.abs_section_71                    1   N/I       0x71       0x71   .absSeg59
.abs_section_74                    1   N/I       0x74       0x74   .absSeg60
.abs_section_1800                  1   N/I     0x1800     0x1800   .absSeg61
.abs_section_1801                  1   N/I     0x1801     0x1801   .absSeg62
.abs_section_1802                  1   N/I     0x1802     0x1802   .absSeg63
.abs_section_1803                  1   N/I     0x1803     0x1803   .absSeg64
.abs_section_1808                  1   N/I     0x1808     0x1808   .absSeg65
.abs_section_1809                  1   N/I     0x1809     0x1809   .absSeg66
.abs_section_180b                  1   N/I     0x180B     0x180B   .absSeg67
.abs_section_180e                  1   N/I     0x180E     0x180E   .absSeg68
.abs_section_180f                  1   N/I     0x180F     0x180F   .absSeg69
.abs_section_1818                  1   N/I     0x1818     0x1818   .absSeg70
.abs_section_1819                  1   N/I     0x1819     0x1819   .absSeg71
.abs_section_181a                  1   N/I     0x181A     0x181A   .absSeg72
.abs_section_181c                  1   N/I     0x181C     0x181C   .absSeg73
.abs_section_181d                  1   N/I     0x181D     0x181D   .absSeg74
.abs_section_181e                  1   N/I     0x181E     0x181E   .absSeg75
.abs_section_181f                  1   N/I     0x181F     0x181F   .absSeg76
.abs_section_1820                  1   N/I     0x1820     0x1820   .absSeg77
.abs_section_1821                  1   N/I     0x1821     0x1821   .absSeg78
.abs_section_1823                  1   N/I     0x1823     0x1823   .absSeg79
.abs_section_1824                  1   N/I     0x1824     0x1824   .absSeg80
.abs_section_1825                  1   N/I     0x1825     0x1825   .absSeg81
.abs_section_1826                  1   N/I     0x1826     0x1826   .absSeg82
.abs_section_1830                  1   N/I     0x1830     0x1830   .absSeg83
.abs_section_1831                  1   N/I     0x1831     0x1831   .absSeg84
.abs_section_1832                  1   N/I     0x1832     0x1832   .absSeg85
.abs_section_1840                  1   N/I     0x1840     0x1840   .absSeg86
.abs_section_1841                  1   N/I     0x1841     0x1841   .absSeg87
.abs_section_1842                  1   N/I     0x1842     0x1842   .absSeg88
.abs_section_1844                  1   N/I     0x1844     0x1844   .absSeg89
.abs_section_1845                  1   N/I     0x1845     0x1845   .absSeg90
.abs_section_1846                  1   N/I     0x1846     0x1846   .absSeg91
.abs_section_1848                  1   N/I     0x1848     0x1848   .absSeg92
.abs_section_1849                  1   N/I     0x1849     0x1849   .absSeg93
.abs_section_184a                  1   N/I     0x184A     0x184A   .absSeg94
.abs_section_184c                  1   N/I     0x184C     0x184C   .absSeg95
.abs_section_184d                  1   N/I     0x184D     0x184D   .absSeg96
.abs_section_184e                  1   N/I     0x184E     0x184E   .absSeg97
.abs_section_1850                  1   N/I     0x1850     0x1850   .absSeg98
.abs_section_1851                  1   N/I     0x1851     0x1851   .absSeg99
.abs_section_1852                  1   N/I     0x1852     0x1852   .absSeg100
.abs_section_1872                  1   N/I     0x1872     0x1872   .absSeg101
.abs_section_1873                  1   N/I     0x1873     0x1873   .absSeg102
.abs_section_1874                  1   N/I     0x1874     0x1874   .absSeg103
.abs_section_1875                  1   N/I     0x1875     0x1875   .absSeg104
.abs_section_1876                  1   N/I     0x1876     0x1876   .absSeg105
.abs_section_1877                  1   N/I     0x1877     0x1877   .absSeg106
.abs_section_12                    2   N/I       0x12       0x13   .absSeg107
.abs_section_14                    2   N/I       0x14       0x15   .absSeg108
.abs_section_20                    2   N/I       0x20       0x21   .absSeg109
.abs_section_41                    2   N/I       0x41       0x42   .absSeg110
.abs_section_43                    2   N/I       0x43       0x44   .absSeg111
.abs_section_46                    2   N/I       0x46       0x47   .absSeg112
.abs_section_49                    2   N/I       0x49       0x4A   .absSeg113
.abs_section_4c                    2   N/I       0x4C       0x4D   .absSeg114
.abs_section_51                    2   N/I       0x51       0x52   .absSeg115
.abs_section_53                    2   N/I       0x53       0x54   .absSeg116
.abs_section_56                    2   N/I       0x56       0x57   .absSeg117
.abs_section_59                    2   N/I       0x59       0x5A   .absSeg118
.abs_section_5c                    2   N/I       0x5C       0x5D   .absSeg119
.abs_section_61                    2   N/I       0x61       0x62   .absSeg120
.abs_section_63                    2   N/I       0x63       0x64   .absSeg121
.abs_section_66                    2   N/I       0x66       0x67   .absSeg122
.abs_section_69                    2   N/I       0x69       0x6A   .absSeg123
.abs_section_6c                    2   N/I       0x6C       0x6D   .absSeg124
.abs_section_6f                    2   N/I       0x6F       0x70   .absSeg125
.abs_section_72                    2   N/I       0x72       0x73   .absSeg126
.abs_section_75                    2   N/I       0x75       0x76   .absSeg127
.abs_section_1806                  2   N/I     0x1806     0x1807   .absSeg128
.abs_section_1810                  2   N/I     0x1810     0x1811   .absSeg129
.abs_section_1812                  2   N/I     0x1812     0x1813   .absSeg130
.abs_section_1814                  2   N/I     0x1814     0x1815   .absSeg131
.abs_section_1816                  2   N/I     0x1816     0x1817   .absSeg132
.abs_section_1870                  2   N/I     0x1870     0x1871   .absSeg133
.abs_section_f1bc                  4     R     0xF1BC     0xF1BF   .absSeg134
.abs_section_ffbd                  1     R     0xFFBD     0xFFBD   .absSeg135
.abs_section_ffbf                  1     R     0xFFBF     0xFFBF   .absSeg136
.abs_section_200                   2   N/I      0x200      0x201   .absSeg137
.abs_section_204                   2   N/I      0x204      0x205   .absSeg138
.abs_section_20c                   2   N/I      0x20C      0x20D   .absSeg139
.abs_section_20e                   8   N/I      0x20E      0x215   .absSeg140
.bss                              60   R/W      0x21D      0x258   HIGH_RAM
.common                          419   R/W      0x259      0x3FB   HIGH_RAM
.stack                           416   R/W      0x3FC      0x59B   HIGH_RAM

Summary of section sizes per section type:
READ_ONLY (R):        463B (dec:    17979)
READ_WRITE (R/W):      386 (dec:      902)
NO_INIT (N/I):          AE (dec:      174)

*********************************************************************************************
VECTOR-ALLOCATION SECTION
    Address     InitValue   InitFunction
---------------------------------------------------------------------------------------------

*********************************************************************************************
OBJECT-ALLOCATION SECTION
     Name               Module                 Addr   hSize   dSize     Ref    Section   RLIB
---------------------------------------------------------------------------------------------
MODULE:                 -- zigbee_zcl_c.obj --
- PROCEDURES:
     zcl_send_response                         89BA      3D      61       1   .text       
     zcl_build_header                          89F7      57      87       1   .text       
     zcl_default_response                      8A4E      98     152       1   .text       
     zcl_command_build                         8AE6      E0     224       1   .text       
     zcl_invalid_cluster                       8BC6      29      41       1   .text       
- VARIABLES:
MODULE:                 -- xbee_atcmd_c.obj --
- PROCEDURES:
     xbee_cmd_tick                             8BEF      F7     247       5   .text       
     _xbee_cmd_handle_to_address               8CE6      3B      59       7   .text       
     _xbee_cmd_issue_list                      8D21     11B     283       3   .text       
     _xbee_cmd_list_callback                   8E3C     270     624       3   .text       
     xbee_cmd_list_execute                     90AC      85     133       1   .text       
     xbee_cmd_init_device                      9131      31      49       2   .text       
     _xbee_cmd_query_handle_eo                 9162      29      41       1   .text       
     _xbee_cmd_query_handle_ai                 918B      2E      46       1   .text       
     _xbee_cmd_query_handle_end                91B9      69     105       1   .text       
     xbee_cmd_query_device                     9222      63      99       4   .text       
     xbee_cmd_query_status                     9285      10      16       1   .text       
     xbee_cmd_create                           9295      E8     232       2   .text       
     _xbee_cmd_release_request                 937D      11      17       4   .text       
     xbee_cmd_release_handle                   938E       5       5       1   .text       
     xbee_cmd_set_command                      9393      28      40       1   .text       
     xbee_cmd_set_callback                     93BB      30      48       1   .text       
     xbee_cmd_set_target                       93EB      5B      91       1   .text       
     _xbee_cmd_encode_param                    9446      43      67       2   .text       
     xbee_cmd_set_param                        9489      32      50       1   .text       
     xbee_cmd_set_param_bytes                  94BB      40      64       3   .text       
     xbee_cmd_set_param_str                    94FB      27      39       1   .text       
     xbee_cmd_send                             9522     101     257       3   .text       
     _xbee_cmd_handle_response                 9623     1A4     420       4   .text       
     _xbee_cmd_modem_status                    97C7      25      37       1   .text       
     xbee_cmd_simple                           97EC      4D      77       8   .text       
     xbee_cmd_execute                          9839      3B      59       2   .text       
- VARIABLES:
     _xbee_atcmd_query_regs                    84B6      5A      90       2   .rodata     
     initialized.2                              21D       1       1       5   .bss        
     last_time.1                                21E       1       1       2   .bss        
     xbee_cmd_request_table                     259      92     146       6   .common     
     _xbee_atcmd_query_regs_head                2EB       8       8       2   .common     
MODULE:                 -- xbee_cbuf_c.obj --
- PROCEDURES:
     xbee_cbuf_init                            9874      23      35       1   .text       
     xbee_cbuf_putch                           9897      31      49       1   .text       
     xbee_cbuf_used                            98C8       7       7       1   .text       
     xbee_cbuf_free                            98CF       8       8       3   .text       
     xbee_cbuf_flush                           98D7       5       5       1   .text       
     xbee_cbuf_get                             98DC      4D      77       1   .text       
- VARIABLES:
MODULE:                 -- xbee_device_c.obj --
- PROCEDURES:
     xbee_next_frame_id                        9929      1A      26       3   .text       
     xbee_dev_init                             9943      9B     155       2   .text       
     xbee_dev_flowcontrol                      99DE      19      25       1   .text       
     xbee_dev_tick                             99F7      32      50       2   .text       
     _xbee_checksum                            9A29      28      40       3   .text       
     xbee_frame_write                          9A51     150     336       7   .text       
     _xbee_frame_load                          9BA1     19E     414      14   .text       
     _xbee_dev_modem_status                    9D3F      6B     107       1   .text       
     _xbee_frame_dispatch                      9DAA      8F     143       1   .text       
- VARIABLES:
MODULE:                 -- xbee_ota_server_c.obj --
- PROCEDURES:
     xbee_ota_server_cmd                       9E39      64     100       1   .text       
- VARIABLES:
     STRING.encryption.required.1              86AB      14      20       1   .rodata1    
MODULE:                 -- xbee_wpan_c.obj --
- PROCEDURES:
     _xbee_handle_receive_explicit             9E9D      90     144       1   .text       
     _xbee_endpoint_send                       9F2D      85     133       2   .text       
     _xbee_wpan_tick                           9FB2       3       3       2   .text       
     xbee_wpan_init                            9FB5      32      50       1   .text       
- VARIABLES:
MODULE:                 -- wpan_aps_c.obj --
- PROCEDURES:
     wpan_cluster_match                        9FE7      37      55       1   .text       
     wpan_endpoint_get_next                    A01E      4C      76       2   .text       
     wpan_endpoint_match                       A06A      48      72       1   .text       
     _wpan_endpoint_dispatch                   A0B2      A9     169       2   .text       
     wpan_envelope_dispatch                    A15B      96     150       1   .text       
     wpan_envelope_reply                       A1F1      64     100       2   .text       
     wpan_envelope_send                        A255      46      70       2   .text       
- VARIABLES:
MODULE:                 -- wpan_types_c.obj --
- PROCEDURES:
     addr64_format                             A29B      72     114       2   .text       
- VARIABLES:
     STRING.0123456789abcdef.1                 86BF      11      17       1   .rodata1    
     STRING.0123456789abcdef.2                 86D0      11      17       1   .rodata1    
MODULE:                 -- hexstrtobyte_c.obj --
- PROCEDURES:
     hexstrtobyte                              A30D      53      83       1   .text       
- VARIABLES:
MODULE:                 -- endpoints_c.obj --
- PROCEDURES:
- VARIABLES:
     digi_data_clusters                        8510      23      35       1   .rodata     
     endpoints_table                           8533      24      36       1   .rodata     
MODULE:                 -- ota_fw_update_c.obj --
- PROCEDURES:
     start_ota_fw_update                       A360      33      51       1   .text       
     xbee_update_firmware_ota                  A393      90     144       1   .text       
- VARIABLES:
     STRING.WR.1                               86E1       3       3       1   .rodata1    
     STRING..2                                 86E4       2       2       1   .rodata1    
     STRING.bad.password..3                    86E6       E      14       1   .rodata1    
     STRING.bad.password.4                     86F4       D      13       1   .rodata1    
     STRING..Password.correct..S.5             8701      33      51       1   .rodata1    
     STRING..Host.address...s.6                8734      12      18       1   .rodata1    
     STRING..Host.may.start.tran.7             8746      2D      45       1   .rodata1    
MODULE:                 -- pan_init_c.obj --
- PROCEDURES:
     xbee_params_init                          A423      8D     141       1   .text       
     sys_xbee_init                             A4B0      3A      58       1   .text       
- VARIABLES:
     xbee_frame_handlers                       8557      18      24       1   .rodata     
     STRING.00.1                               8773       3       3       1   .rodata1    
     STRING.ID.2                               8776       3       3       1   .rodata1    
     STRING.NI.3                               8779       3       3       1   .rodata1    
     STRING.SERIAL_BYPASS.4                    877C       E      14       1   .rodata1    
     STRING.AO.5                               878A       3       3       1   .rodata1    
MODULE:                 -- xbee_platform_hcs08_c.obj --
- PROCEDURES:
     xbee_seconds_timer                        A4EA       B      11       5   .text       
     swap16                                    A4F5       5       5       2   .text       
- VARIABLES:
MODULE:                 -- xbee_serial_hcs08_c.obj --
- PROCEDURES:
     xbee_ser_invalid                          A4FA      16      22       2   .text       
     xbee_ser_write                            A510      64     100      14   .text       
     xbee_ser_read                             A574      71     113       8   .text       
     xbee_ser_tx_free                          A5E5       4       4       1   .text       
     xbee_ser_tx_used                          A5E9       3       3       1   .text       
     xbee_ser_rx_used                          A5EC       9       9       2   .text       
     xbee_ser_rx_flush                         A5F5       9       9       1   .text       
     xbee_ser_baudrate                         A5FE      6D     109       1   .text       
     xbee_ser_open                             A66B      3E      62       2   .text       
     xbee_ser_flowcontrol                      A6A9      48      72       1   .text       
     xbee_ser_set_rts                          A6F1      47      71       2   .text       
     xbee_ser_get_cts                          A738      20      32       1   .text       
     radio_uart_isr                            A758      2B      43       1   .text       
- VARIABLES:
     EMBER_SERIAL_PORT                          216       7       7      20   .data       
     _flags                                     21F       1       1      10   .bss        
MODULE:                 -- cbuffer_c.obj --
- PROCEDURES:
     cbuf_init                                 A783      1B      27       1   .text       
     cbuf_append                               A79E      4C      76       1   .text       
- VARIABLES:
MODULE:                 -- UARTandPassThru_c.obj --
- PROCEDURES:
     DoPassThroughMode                         A7EA      A3     163       1   .text       
- VARIABLES:
MODULE:                 -- main_c.obj --
- PROCEDURES:
     main                                      A88D      51      81       1   .text       
- VARIABLES:
     STRING.Entering.bypass.mode.1             878D      16      22       1   .rodata1    
     STRING...You.should.be.able.2             87A3      2E      46       1   .rodata1    
     STRING...using.X.CTU.termin.3             87D1      18      24       1   .rodata1    
     STRING...If.using.an.standa.4             87E9      28      40       1   .rodata1    
     STRING...you.can.enter.radi.5             8811      27      39       1   .rodata1    
     STRING...typing......6                    8838       E      14       1   .rodata1    
MODULE:                 -- tpm_c.obj --
- PROCEDURES:
     tpm2ch1_isr                               A8DE       1       1       1   .text       
     tpm3ch5_isr                               A8DF       1       1       1   .text       
     tpm3ch0_isr                               A8E0       1       1       1   .text       
     tpm2ch2_isr                               A8E1       1       1       1   .text       
     tpm1ch0_isr                               A8E2       1       1       1   .text       
     tpm1ov_isr                                A8E3       1       1       1   .text       
     tpm2ov_isr                                A8E4       1       1       1   .text       
     tpm3ov_isr                                A8E5       1       1       1   .text       
- VARIABLES:
MODULE:                 -- uart_c.obj --
- PROCEDURES:
     uart_get_scibd                            A8E6      4F      79       2   .text       
     uart_config                               A935      5A      90       1   .text       
     uart_write                                A98F      4D      77       1   .text       
     uart_isr                                  A9DC      19      25       1   .text       
     TERMIO_PutChar                            A9F5      1A      26       1   .text       
     radio_uart_config                         AA0F      72     114       3   .text       
- VARIABLES:
     STRING....1                               8846       3       3       1   .rodata1    
     rxcb                                       220       5       5       2   .bss        
     rxbuf                                      225      20      32       1   .bss        
     ember_rxbuf                                2F3      44      68       2   .common     
MODULE:                 -- rtc_c.obj --
- PROCEDURES:
     rtc_config                                AA81      14      20       1   .text       
     delay_ticks                               AA95       E      14       1   .text       
     rtc_set_timeout                           AAA3       4       4       2   .text       
     rtc_timeout_expired                       AAA7       A      10       2   .text       
     rtc_isr                                   AAB1      72     114       1   .text       
- VARIABLES:
     ticks                                      245       2       2       4   .bss        
     uptime                                     247       4       4       2   .bss        
     ms_uptime                                  24B       4       4       1   .bss        
     wait_for_tout1                             24F       2       2       4   .bss        
     wait_for_tout2                             251       2       2       4   .bss        
MODULE:                 -- gpios_c.obj --
- PROCEDURES:
     gpio_isr                                  AB23       1       1       1   .text       
- VARIABLES:
MODULE:                 -- flash_c.obj --
- PROCEDURES:
     flash_config                              AB24       F      15       1   .text       
- VARIABLES:
MODULE:                 -- hwinit_c.obj --
- PROCEDURES:
     radio_gpio_init                           AB33      9B     155       1   .text       
     gpio_init                                 ABCE      31      49       1   .text       
     xbee_check_answer                         ABFF      61      97       5   .text       
     xbee_get_answer                           AC60      B1     177       2   .text       
     radio_switch_to_api_mode_and_autorate       AD11     1BB     443      14   .text       
     sys_hw_init                               AECC      E2     226       1   .text       
     sys_app_banner                            AFAE      C0     192       1   .text       
- VARIABLES:
     rates                                     856F      20      32       4   .rodata     
     modem_status_resp                         858F       6       6       1   .rodata     
     ATAC_cmd                                  8595       8       8       1   .rodata     
     ATBD7_cmd                                 859D       9       9       1   .rodata     
     ATBD7_resp                                85A6       9       9       1   .rodata     
     ATWR_cmd                                  85AF       8       8       1   .rodata     
     ATBPD_cmd                                 85B7       8       8       1   .rodata     
     ATBPR_cmd                                 85BF       8       8       1   .rodata     
     ATBPD_resp_fix                            85C7       8       8       1   .rodata     
     ATBPR_resp_fix                            85CF       8       8       1   .rodata     
     STRING.D5.1                               8849       3       3       1   .rodata1    
     STRING.D0.2                               884C       3       3       1   .rodata1    
     STRING.P0.3                               884F       3       3       1   .rodata1    
     STRING.PD.4                               8852       3       3       1   .rodata1    
     STRING.PR.5                               8855       3       3       1   .rodata1    
     STRING.....6                              8858       4       4       1   .rodata1    
     STRING.OK..7                              885C       4       4       1   .rodata1    
     STRING.ATAP1..8                           8860       7       7       1   .rodata1    
     STRING.OK..9                              8867       4       4       1   .rodata1    
     STRING.ATBD7..10                          886B       7       7       1   .rodata1    
     STRING.OK..11                             8872       4       4       1   .rodata1    
     STRING.ATWR..12                           8876       6       6       1   .rodata1    
     STRING.OK..13                             887C       4       4       1   .rodata1    
     STRING.ATCN..14                           8880       6       6       1   .rodata1    
     STRING.SM.15                              8886       3       3       1   .rodata1    
     STRING......................16            8889      31      49       1   .rodata1    
     STRING...o.Application...s..17            88BA      15      21       1   .rodata1    
     STRING.Serial.Bypass.18                   88CF       E      14       1   .rodata1    
     STRING...o.XBee.module...s..19            88DD      20      32       1   .rodata1    
     STRING.S2CTH.20                           88FD       6       6       1   .rodata1    
     STRING...o.HW.address....s..21            8903      15      21       1   .rodata1    
     STRING...o.HW.version...0x..22            8918      17      23       1   .rodata1    
     STRING...o.FW.version...0x..23            892F      17      23       1   .rodata1    
     STRING...coordinator...24                 8946      10      16       1   .rodata1    
     STRING...router...25                      8956       B      11       1   .rodata1    
     STRING...end.device...26                  8961       F      15       1   .rodata1    
     STRING...27                               8970       2       2       1   .rodata1    
     STRING...o.PAN.ID........s..28            8972      15      21       1   .rodata1    
     STRING.00.29                              8987       3       3       1   .rodata1    
     STRING......................30            898A      30      48       1   .rodata1    
     xdev                                       337      C5     197      21   .common     
MODULE:                 -- irq_vectors_c.obj --
- PROCEDURES:
     die                                       B06E       3       3      18   .text       
- VARIABLES:
     vector_table                              F1C0      40      64       0   .abs_section_f1c0
MODULE:                 -- lvd_c.obj --
- PROCEDURES:
     lvd_isr                                   B071       3       3       1   .text       
- VARIABLES:
MODULE:                 -- mc9s08qe32_c.obj --
- PROCEDURES:
- VARIABLES:
     _PTAD                                        0       1       1       1   .abs_section_0
     _PTADD                                       1       1       1       1   .abs_section_1
     _PTBD                                        2       1       1      16   .abs_section_2
     _PTBDD                                       3       1       1       2   .abs_section_3
     _PTCD                                        4       1       1      29   .abs_section_4
     _PTCDD                                       5       1       1       7   .abs_section_5
     _PTDD                                        6       1       1       9   .abs_section_6
     _PTDDD                                       7       1       1       4   .abs_section_7
     _PTED                                        8       1       1       2   .abs_section_8
     _PTEDD                                       9       1       1       2   .abs_section_9
     _KBI1SC                                      C       1       1       1   .abs_section_c
     _KBI1PE                                      D       1       1       0   .abs_section_d
     _KBI1ES                                      E       1       1       0   .abs_section_e
     _IRQSC                                       F       1       1       0   .abs_section_f
     _ADCSC1                                     10       1       1       0   .abs_section_10
     _ADCSC2                                     11       1       1       0   .abs_section_11
     _ADCCFG                                     16       1       1       0   .abs_section_16
     _APCTL1                                     17       1       1       0   .abs_section_17
     _APCTL2                                     18       1       1       0   .abs_section_18
     _ACMP1SC                                    1A       1       1       0   .abs_section_1a
     _ACMP2SC                                    1B       1       1       0   .abs_section_1b
     _SCI1C1                                     22       1       1       3   .abs_section_22
     _SCI1C2                                     23       1       1       3   .abs_section_23
     _SCI1S1                                     24       1       1       3   .abs_section_24
     _SCI1S2                                     25       1       1       2   .abs_section_25
     _SCI1C3                                     26       1       1       4   .abs_section_26
     _SCI1D                                      27       1       1       3   .abs_section_27
     _SPIC1                                      28       1       1       0   .abs_section_28
     _SPIC2                                      29       1       1       0   .abs_section_29
     _SPIBR                                      2A       1       1       0   .abs_section_2a
     _SPIS                                       2B       1       1       0   .abs_section_2b
     _SPID                                       2D       1       1       0   .abs_section_2d
     _IICA                                       30       1       1       0   .abs_section_30
     _IICF                                       31       1       1       0   .abs_section_31
     _IICC1                                      32       1       1       0   .abs_section_32
     _IICS                                       33       1       1       0   .abs_section_33
     _IICD                                       34       1       1       0   .abs_section_34
     _IICC2                                      35       1       1       0   .abs_section_35
     _ICSC1                                      38       1       1       1   .abs_section_38
     _ICSC2                                      39       1       1       2   .abs_section_39
     _ICSTRM                                     3A       1       1       1   .abs_section_3a
     _ICSSC                                      3B       1       1       5   .abs_section_3b
     _KBI2SC                                     3C       1       1       0   .abs_section_3c
     _KBI2PE                                     3D       1       1       0   .abs_section_3d
     _KBI2ES                                     3E       1       1       0   .abs_section_3e
     _TPM1SC                                     40       1       1       0   .abs_section_40
     _TPM1C0SC                                   45       1       1       0   .abs_section_45
     _TPM1C1SC                                   48       1       1       0   .abs_section_48
     _TPM1C2SC                                   4B       1       1       0   .abs_section_4b
     _TPM2SC                                     50       1       1       0   .abs_section_50
     _TPM2C0SC                                   55       1       1       0   .abs_section_55
     _TPM2C1SC                                   58       1       1       0   .abs_section_58
     _TPM2C2SC                                   5B       1       1       0   .abs_section_5b
     _TPM3SC                                     60       1       1       0   .abs_section_60
     _TPM3C0SC                                   65       1       1       0   .abs_section_65
     _TPM3C1SC                                   68       1       1       0   .abs_section_68
     _TPM3C2SC                                   6B       1       1       0   .abs_section_6b
     _TPM3C3SC                                   6E       1       1       0   .abs_section_6e
     _TPM3C4SC                                   71       1       1       0   .abs_section_71
     _TPM3C5SC                                   74       1       1       0   .abs_section_74
     _SRS                                      1800       1       1       6   .abs_section_1800
     _SBDFR                                    1801       1       1       0   .abs_section_1801
     _SOPT1                                    1802       1       1       2   .abs_section_1802
     _SOPT2                                    1803       1       1       0   .abs_section_1803
     _SPMSC1                                   1808       1       1       0   .abs_section_1808
     _SPMSC2                                   1809       1       1       0   .abs_section_1809
     _SPMSC3                                   180B       1       1       0   .abs_section_180b
     _SCGC1                                    180E       1       1       4   .abs_section_180e
     _SCGC2                                    180F       1       1       4   .abs_section_180f
     _DBGCAX                                   1818       1       1       0   .abs_section_1818
     _DBGCBX                                   1819       1       1       0   .abs_section_1819
     _DBGCCX                                   181A       1       1       0   .abs_section_181a
     _DBGC                                     181C       1       1       0   .abs_section_181c
     _DBGT                                     181D       1       1       0   .abs_section_181d
     _DBGS                                     181E       1       1       0   .abs_section_181e
     _DBGCNT                                   181F       1       1       0   .abs_section_181f
     _FCDIV                                    1820       1       1       1   .abs_section_1820
     _FOPT                                     1821       1       1       0   .abs_section_1821
     _FCNFG                                    1823       1       1       0   .abs_section_1823
     _FPROT                                    1824       1       1       0   .abs_section_1824
     _FSTAT                                    1825       1       1       0   .abs_section_1825
     _FCMD                                     1826       1       1       0   .abs_section_1826
     _RTCSC                                    1830       1       1       2   .abs_section_1830
     _RTCCNT                                   1831       1       1       0   .abs_section_1831
     _RTCMOD                                   1832       1       1       1   .abs_section_1832
     _PTAPE                                    1840       1       1       0   .abs_section_1840
     _PTASE                                    1841       1       1       0   .abs_section_1841
     _PTADS                                    1842       1       1       0   .abs_section_1842
     _PTBPE                                    1844       1       1       0   .abs_section_1844
     _PTBSE                                    1845       1       1       0   .abs_section_1845
     _PTBDS                                    1846       1       1       0   .abs_section_1846
     _PTCPE                                    1848       1       1       1   .abs_section_1848
     _PTCSE                                    1849       1       1       0   .abs_section_1849
     _PTCDS                                    184A       1       1       0   .abs_section_184a
     _PTDPE                                    184C       1       1       0   .abs_section_184c
     _PTDSE                                    184D       1       1       0   .abs_section_184d
     _PTDDS                                    184E       1       1       0   .abs_section_184e
     _PTEPE                                    1850       1       1       0   .abs_section_1850
     _PTESE                                    1851       1       1       0   .abs_section_1851
     _PTEDS                                    1852       1       1       0   .abs_section_1852
     _SCI2C1                                   1872       1       1       2   .abs_section_1872
     _SCI2C2                                   1873       1       1       3   .abs_section_1873
     _SCI2S1                                   1874       1       1       2   .abs_section_1874
     _SCI2S2                                   1875       1       1       2   .abs_section_1875
     _SCI2C3                                   1876       1       1       2   .abs_section_1876
     _SCI2D                                    1877       1       1       2   .abs_section_1877
     _ADCR                                       12       2       2       0   .abs_section_12
     _ADCCV                                      14       2       2       0   .abs_section_14
     _SCI1BD                                     20       2       2       2   .abs_section_20
     _TPM1CNT                                    41       2       2       0   .abs_section_41
     _TPM1MOD                                    43       2       2       0   .abs_section_43
     _TPM1C0V                                    46       2       2       0   .abs_section_46
     _TPM1C1V                                    49       2       2       0   .abs_section_49
     _TPM1C2V                                    4C       2       2       0   .abs_section_4c
     _TPM2CNT                                    51       2       2       0   .abs_section_51
     _TPM2MOD                                    53       2       2       0   .abs_section_53
     _TPM2C0V                                    56       2       2       0   .abs_section_56
     _TPM2C1V                                    59       2       2       0   .abs_section_59
     _TPM2C2V                                    5C       2       2       0   .abs_section_5c
     _TPM3CNT                                    61       2       2       0   .abs_section_61
     _TPM3MOD                                    63       2       2       0   .abs_section_63
     _TPM3C0V                                    66       2       2       0   .abs_section_66
     _TPM3C1V                                    69       2       2       0   .abs_section_69
     _TPM3C2V                                    6C       2       2       0   .abs_section_6c
     _TPM3C3V                                    6F       2       2       0   .abs_section_6f
     _TPM3C4V                                    72       2       2       0   .abs_section_72
     _TPM3C5V                                    75       2       2       0   .abs_section_75
     _SDID                                     1806       2       2       0   .abs_section_1806
     _DBGCA                                    1810       2       2       0   .abs_section_1810
     _DBGCB                                    1812       2       2       0   .abs_section_1812
     _DBGCC                                    1814       2       2       0   .abs_section_1814
     _DBGF                                     1816       2       2       0   .abs_section_1816
     _SCI2BD                                   1870       2       2       2   .abs_section_1870
MODULE:                 -- system_c.obj --
- PROCEDURES:
     sys_gpio_init                             B074       C      12       1   .text       
     sys_radio_reset                           B080       C      12       2   .text       
     sys_watchdog_reset                        B08C       4       4      10   .text       
     sys_irqs_disable                          B090       2       2       1   .text       
     sys_irqs_enable                           B092       2       2       2   .text       
     sys_clocks_init                           B094      34      52       1   .text       
     sys_reset                                 B0C8      28      40       2   .text       
     sys_init                                  B0F0      17      23       1   .text       
- VARIABLES:
     app_version                               8400       E      14       1   APPLICATION_VERSION
     app_ver_addr                              F1BC       4       4       0   .abs_section_f1bc
     NVPROT_INIT                               FFBD       1       1       0   .abs_section_ffbd
     NVOPT_INIT                                FFBF       1       1       0   .abs_section_ffbf
     app_rst                                    200       2       2       1   .abs_section_200
     bl_rst                                     204       2       2       1   .abs_section_204
     haddr_16                                   20C       2       2       0   .abs_section_20c
     haddr_64                                   20E       8       8       1   .abs_section_20e
MODULE:                 -- start08_c.obj --
- PROCEDURES:
     loadByte                                  8420       E      14       5   .init       
     Init                                      842E      6D     109       1   .init       
     _Startup                                  849B       9       9       1   .init       
- VARIABLES:
     _startupData                              84A4       6       6       4   .startData  
- LABELS:
     __SEG_END_SSTACK                           59C       0       0       1               
MODULE:                 -- embedded.o (ansifs.lib) --
- PROCEDURES:
     printf                                    B107      1C      28      19   .text       
- VARIABLES:
MODULE:                 -- math08f.o (ansifs.lib) --
- PROCEDURES:
     frexpf                                    B123      41      65       1   .text       
- VARIABLES:
MODULE:                 -- printf.o (ansifs.lib) --
- PROCEDURES:
     Ten                                       B164     10E     270      11   .text       
     vprintf                                   B272     CA1    3233      97   .text       
     _out                                      BF13       D      13      14   .text       
     set_printf                                BF20       C      12       1   .text       
- VARIABLES:
     pow10                                     85D7      28      40       4   .rodata     
     pow16                                     85FF      20      32       4   .rodata     
     pow8                                      861F      2C      44       4   .rodata     
     fpow10                                    864B      30      48       1   .rodata     
     fpow_10                                   867B      30      48       1   .rodata     
     pbuf                                       253       6       6      11   .bss        
MODULE:                 -- rtshc08.o (ansifs.lib) --
- PROCEDURES:
     _PUSH_ARGS_L                              BF2C      20      32       2   .text       
     _ENTER_UNARY_L                            BF4C      29      41       4   .text       
     _ENTER_BINARY_L                           BF75      16      22       6   .text       
     _ENTER_BINARY_L_RC                        BF8B      19      25       8   .text       
     _IDIVMOD                                  BFA4      69     105       3   .text       
     _SPLITSIGN                                C00D      1C      28       2   .text       
     _LADD_k_is_k_plus_j                       C029      1F      31       2   .text       
     _LSUB_k_is_k_minus_j                      C048      1F      31       1   .text       
     _LAND_k_is_k_and_j                        C067      1F      31       1   .text       
     _LDIVMOD                                  C086      A4     164       2   .text       
     _NEG_L_HX                                 C12A      13      19       1   .text       
     _LMODU_k_is_k_mod_j                       C13D       B      11       1   .text       
     _LDIVU_k_is_k_div_j                       C148      17      23       1   .text       
     _LCMP_k_rel_j                             C15F      1F      31       2   .text       
     _BDIVS                                    C17E      17      23       2   .text       
     _BMODS                                    C195      17      23       2   .text       
     _IMUL_STAR08                              C1AC      27      39       6   .text       
     _IDIVS_STAR08                             C1D3      1B      27       1   .text       
     _IDIVU_STAR08                             C1EE       D      13       1   .text       
     _IMODS_STAR08                             C1FB      25      37       1   .text       
     _IMODU_STAR08                             C220      10      16       1   .text       
     _IASR                                     C230       C      12       1   .text       
     _ICMP                                     C23C      16      22       3   .text       
     _LNEG                                     C252      1C      28       1   .text       
     _LADD                                     C26E       6       6       1   .text       
     _LADD_RC                                  C274       6       6       1   .text       
     _LSUB                                     C27A       6       6       3   .text       
     _LAND_RC                                  C280       6       6       1   .text       
     _LDIVU_RC                                 C286       6       6       1   .text       
     _LMODU_RC                                 C28C       6       6       1   .text       
     _LCMP                                     C292       6       6       7   .text       
     _LCMP_RC                                  C298       6       6       1   .text       
     _COPY                                     C29E      30      48      20   .text       
     _POP32                                    C2CE      1A      26      32   .text       
     _SEXT16_32                                C2E8       D      13       2   .text       
     _CALL_STAR08                              C2F5      20      32      12   .text       
     _Jump_Table_Addr                          C315      16      22       2   .text       
     _Jump_Table_Offset                        C32B      19      25       1   .text       
     _Jump_Table_Header_Addr                   C344      2F      47       1   .text       
     _Jump_Table_Header_Offset                 C373      24      36       3   .text       
     _Search_Table_16_Offset                   C397      39      57       1   .text       
     _Search_Table_8_Addr                      C3D0      21      33       1   .text       
     _Search_Table_8_Offset                    C3F1      25      37       1   .text       
     _PUSH_CC                                  C416       F      15       2   .text       
     _POP_CC                                   C425       F      15       2   .text       
     F_CLRK                                    C434       6       6       2   .text       
     F_CLRK_Unary                              C43A       6       6       1   .text       
     F_NANK                                    C440       6       6       2   .text       
     F_INFK                                    C446       6       6       2   .text       
     F_TLK                                     C44C      1E      30       2   .text       
     F_XGKL                                    C46A      48      72       1   .text       
     _UNPACK_k_to_K                            C4B2      58      88       2   .text       
     _UNPACK_k_to_K_Unary                      C50A      58      88       1   .text       
     _UNPACK_j_to_L                            C562      58      88       2   .text       
     _PACK_K_to_k                              C5BA      63      99       2   .text       
     _PACK_K_to_k_Unary                        C61D      4F      79       1   .text       
     F_NORMK                                   C66C      43      67       2   .text       
     _FADD_K_is_K_plus_L                       C6AF      AD     173       1   .text       
     _FMUL_K_is_K_times_L                      C75C      88     136       1   .text       
     _F_LONGK                                  C7E4      5A      90       1   .text       
     _F_FLOATK                                 C83E      2E      46       1   .text       
     _FCMP_k_rel_j                             C86C      2C      44       1   .text       
     _FADD_Common                              C898       F      15       3   .text       
     _FSUB_Common                              C8A7       9       9       1   .text       
     _FMUL_Common                              C8B0       F      15       2   .text       
     _FADD                                     C8BF       7       7       2   .text       
     _FADD_RC                                  C8C6       7       7       1   .text       
     _FSUB                                     C8CD       7       7       2   .text       
     _FMUL                                     C8D4       7       7       8   .text       
     _FMUL_RC                                  C8DB       7       7       6   .text       
     _FSTRUNC                                  C8E2       B      11       7   .text       
     _FNEG                                     C8ED      18      24       1   .text       
     _FCMP_RC                                  C905       6       6       2   .text       
     _FUFLOAT                                  C90B       B      11       2   .text       
- VARIABLES:
MODULE:                 -- string.o (ansifs.lib) --
- PROCEDURES:
     memcmp                                    C916      56      86       1   .text       
     memcpy                                    C96C      3D      61       4   .text       
     memset                                    C9A9      30      48       7   .text       
     strlen                                    C9D9      27      39       2   .text       
- VARIABLES:

*********************************************************************************************
MODULE STATISTIC
  Name                                      Data   Code  Const
---------------------------------------------------------------------------------------------
  zigbee_zcl_c.obj                             0    565      0
  xbee_atcmd_c.obj                           156   3205     90
  xbee_cbuf_c.obj                              0    181      0
  xbee_device_c.obj                            0   1296      0
  xbee_ota_server_c.obj                        0    100     20
  xbee_wpan_c.obj                              0    330      0
  wpan_aps_c.obj                               0    692      0
  wpan_types_c.obj                             0    114     34
  hexstrtobyte_c.obj                           0     83      0
  endpoints_c.obj                              0      0     71
  ota_fw_update_c.obj                          0    195    146
  pan_init_c.obj                               0    199     50
  xbee_platform_hcs08_c.obj                    0     16      0
  xbee_serial_hcs08_c.obj                      8    649      0
  cbuffer_c.obj                                0    103      0
  UARTandPassThru_c.obj                        0    163      0
  main_c.obj                                   0     81    185
  tpm_c.obj                                    0      8      0
  uart_c.obj                                 105    411      3
  rtc_c.obj                                   14    162      0
  gpios_c.obj                                  0      1      0
  flash_c.obj                                  0     15      0
  hwinit_c.obj                               197   1339    473
  irq_vectors_c.obj                            0      3     64
  lvd_c.obj                                    0      3      0
  mc9s08qe32_c.obj                           160      0      0
  system_c.obj                                14    147     20
  start08_c.obj                                0    132      0
  embedded.o (ansifs.lib)                      0     28      0
  math08f.o (ansifs.lib)                       0     65      0
  printf.o (ansifs.lib)                        6   3528    212
  rtshc08.o (ansifs.lib)                       0   2538      0
  string.o (ansifs.lib)                        0    234      0
  other                                      416     18      7

*********************************************************************************************
SECTION USE IN OBJECT-ALLOCATION SECTION
---------------------------------------------------------------------------------------------
SECTION: ".text"
  zcl_send_response zcl_build_header zcl_default_response zcl_command_build 
  zcl_invalid_cluster xbee_cmd_tick _xbee_cmd_handle_to_address 
  _xbee_cmd_issue_list _xbee_cmd_list_callback xbee_cmd_list_execute 
  xbee_cmd_init_device _xbee_cmd_query_handle_eo _xbee_cmd_query_handle_ai 
  _xbee_cmd_query_handle_end xbee_cmd_query_device xbee_cmd_query_status 
  xbee_cmd_create _xbee_cmd_release_request xbee_cmd_release_handle 
  xbee_cmd_set_command xbee_cmd_set_callback xbee_cmd_set_target 
  _xbee_cmd_encode_param xbee_cmd_set_param xbee_cmd_set_param_bytes 
  xbee_cmd_set_param_str xbee_cmd_send _xbee_cmd_handle_response 
  _xbee_cmd_modem_status xbee_cmd_simple xbee_cmd_execute xbee_cbuf_init 
  xbee_cbuf_putch xbee_cbuf_used xbee_cbuf_free xbee_cbuf_flush xbee_cbuf_get 
  xbee_next_frame_id xbee_dev_init xbee_dev_flowcontrol xbee_dev_tick 
  _xbee_checksum xbee_frame_write _xbee_frame_load _xbee_dev_modem_status 
  _xbee_frame_dispatch xbee_ota_server_cmd _xbee_handle_receive_explicit 
  _xbee_endpoint_send _xbee_wpan_tick xbee_wpan_init wpan_cluster_match 
  wpan_endpoint_get_next wpan_endpoint_match _wpan_endpoint_dispatch 
  wpan_envelope_dispatch wpan_envelope_reply wpan_envelope_send addr64_format 
  hexstrtobyte start_ota_fw_update xbee_update_firmware_ota xbee_params_init 
  sys_xbee_init xbee_seconds_timer swap16 xbee_ser_invalid xbee_ser_write 
  xbee_ser_read xbee_ser_tx_free xbee_ser_tx_used xbee_ser_rx_used 
  xbee_ser_rx_flush xbee_ser_baudrate xbee_ser_open xbee_ser_flowcontrol 
  xbee_ser_set_rts xbee_ser_get_cts radio_uart_isr cbuf_init cbuf_append 
  DoPassThroughMode main tpm2ch1_isr tpm3ch5_isr tpm3ch0_isr tpm2ch2_isr 
  tpm1ch0_isr tpm1ov_isr tpm2ov_isr tpm3ov_isr uart_get_scibd uart_config 
  uart_write uart_isr TERMIO_PutChar radio_uart_config rtc_config delay_ticks 
  rtc_set_timeout rtc_timeout_expired rtc_isr gpio_isr flash_config 
  radio_gpio_init gpio_init xbee_check_answer xbee_get_answer 
  radio_switch_to_api_mode_and_autorate sys_hw_init sys_app_banner die lvd_isr 
  sys_gpio_init sys_radio_reset sys_watchdog_reset sys_irqs_disable 
  sys_irqs_enable sys_clocks_init sys_reset sys_init printf frexpf Ten vprintf 
  _out set_printf _PUSH_ARGS_L _ENTER_UNARY_L _ENTER_BINARY_L 
  _ENTER_BINARY_L_RC _IDIVMOD _SPLITSIGN _LADD_k_is_k_plus_j 
  _LSUB_k_is_k_minus_j _LAND_k_is_k_and_j _LDIVMOD _NEG_L_HX 
  _LMODU_k_is_k_mod_j _LDIVU_k_is_k_div_j _LCMP_k_rel_j _BDIVS _BMODS 
  _IMUL_STAR08 _IDIVS_STAR08 _IDIVU_STAR08 _IMODS_STAR08 _IMODU_STAR08 _IASR 
  _ICMP _LNEG _LADD _LADD_RC _LSUB _LAND_RC _LDIVU_RC _LMODU_RC _LCMP _LCMP_RC 
  _COPY _POP32 _SEXT16_32 _CALL_STAR08 _Jump_Table_Addr _Jump_Table_Offset 
  _Jump_Table_Header_Addr _Jump_Table_Header_Offset _Search_Table_16_Offset 
  _Search_Table_8_Addr _Search_Table_8_Offset _PUSH_CC _POP_CC F_CLRK 
  F_CLRK_Unary F_NANK F_INFK F_TLK F_XGKL _UNPACK_k_to_K _UNPACK_k_to_K_Unary 
  _UNPACK_j_to_L _PACK_K_to_k _PACK_K_to_k_Unary F_NORMK _FADD_K_is_K_plus_L 
  _FMUL_K_is_K_times_L _F_LONGK _F_FLOATK _FCMP_k_rel_j _FADD_Common 
  _FSUB_Common _FMUL_Common _FADD _FADD_RC _FSUB _FMUL _FMUL_RC _FSTRUNC _FNEG 
  _FCMP_RC _FUFLOAT memcmp memcpy memset strlen 
SECTION: ".data"
  EMBER_SERIAL_PORT 
SECTION: ".bss"
  initialized.2 last_time.1 _flags rxcb rxbuf ticks uptime ms_uptime 
  wait_for_tout1 wait_for_tout2 pbuf 
SECTION: ".init"
  loadByte Init _Startup 
SECTION: ".rodata"
  _xbee_atcmd_query_regs digi_data_clusters endpoints_table 
  xbee_frame_handlers rates modem_status_resp ATAC_cmd ATBD7_cmd ATBD7_resp 
  ATWR_cmd ATBPD_cmd ATBPR_cmd ATBPD_resp_fix ATBPR_resp_fix pow10 pow16 pow8 
  fpow10 fpow_10 
SECTION: ".rodata1"
  STRING.encryption.required.1 STRING.0123456789abcdef.1 
  STRING.0123456789abcdef.2 STRING.WR.1 STRING..2 STRING.bad.password..3 
  STRING.bad.password.4 STRING..Password.correct..S.5 
  STRING..Host.address...s.6 STRING..Host.may.start.tran.7 STRING.00.1 
  STRING.ID.2 STRING.NI.3 STRING.SERIAL_BYPASS.4 STRING.AO.5 
  STRING.Entering.bypass.mode.1 STRING...You.should.be.able.2 
  STRING...using.X.CTU.termin.3 STRING...If.using.an.standa.4 
  STRING...you.can.enter.radi.5 STRING...typing......6 STRING....1 STRING.D5.1 
  STRING.D0.2 STRING.P0.3 STRING.PD.4 STRING.PR.5 STRING.....6 STRING.OK..7 
  STRING.ATAP1..8 STRING.OK..9 STRING.ATBD7..10 STRING.OK..11 STRING.ATWR..12 
  STRING.OK..13 STRING.ATCN..14 STRING.SM.15 STRING......................16 
  STRING...o.Application...s..17 STRING.Serial.Bypass.18 
  STRING...o.XBee.module...s..19 STRING.S2CTH.20 STRING...o.HW.address....s..21 
  STRING...o.HW.version...0x..22 STRING...o.FW.version...0x..23 
  STRING...coordinator...24 STRING...router...25 STRING...end.device...26 
  STRING...27 STRING...o.PAN.ID........s..28 STRING.00.29 
  STRING......................30 
SECTION: "APPLICATION_VERSION"
  app_version 
SECTION: ".common"
  xbee_cmd_request_table _xbee_atcmd_query_regs_head ember_rxbuf xdev 
SECTION: ".abs_section_f1c0"
  vector_table 
SECTION: ".abs_section_0"
  _PTAD 
SECTION: ".abs_section_1"
  _PTADD 
SECTION: ".abs_section_2"
  _PTBD 
SECTION: ".abs_section_3"
  _PTBDD 
SECTION: ".abs_section_4"
  _PTCD 
SECTION: ".abs_section_5"
  _PTCDD 
SECTION: ".abs_section_6"
  _PTDD 
SECTION: ".abs_section_7"
  _PTDDD 
SECTION: ".abs_section_8"
  _PTED 
SECTION: ".abs_section_9"
  _PTEDD 
SECTION: ".abs_section_c"
  _KBI1SC 
SECTION: ".abs_section_d"
  _KBI1PE 
SECTION: ".abs_section_e"
  _KBI1ES 
SECTION: ".abs_section_f"
  _IRQSC 
SECTION: ".abs_section_10"
  _ADCSC1 
SECTION: ".abs_section_11"
  _ADCSC2 
SECTION: ".abs_section_16"
  _ADCCFG 
SECTION: ".abs_section_17"
  _APCTL1 
SECTION: ".abs_section_18"
  _APCTL2 
SECTION: ".abs_section_1a"
  _ACMP1SC 
SECTION: ".abs_section_1b"
  _ACMP2SC 
SECTION: ".abs_section_22"
  _SCI1C1 
SECTION: ".abs_section_23"
  _SCI1C2 
SECTION: ".abs_section_24"
  _SCI1S1 
SECTION: ".abs_section_25"
  _SCI1S2 
SECTION: ".abs_section_26"
  _SCI1C3 
SECTION: ".abs_section_27"
  _SCI1D 
SECTION: ".abs_section_28"
  _SPIC1 
SECTION: ".abs_section_29"
  _SPIC2 
SECTION: ".abs_section_2a"
  _SPIBR 
SECTION: ".abs_section_2b"
  _SPIS 
SECTION: ".abs_section_2d"
  _SPID 
SECTION: ".abs_section_30"
  _IICA 
SECTION: ".abs_section_31"
  _IICF 
SECTION: ".abs_section_32"
  _IICC1 
SECTION: ".abs_section_33"
  _IICS 
SECTION: ".abs_section_34"
  _IICD 
SECTION: ".abs_section_35"
  _IICC2 
SECTION: ".abs_section_38"
  _ICSC1 
SECTION: ".abs_section_39"
  _ICSC2 
SECTION: ".abs_section_3a"
  _ICSTRM 
SECTION: ".abs_section_3b"
  _ICSSC 
SECTION: ".abs_section_3c"
  _KBI2SC 
SECTION: ".abs_section_3d"
  _KBI2PE 
SECTION: ".abs_section_3e"
  _KBI2ES 
SECTION: ".abs_section_40"
  _TPM1SC 
SECTION: ".abs_section_45"
  _TPM1C0SC 
SECTION: ".abs_section_48"
  _TPM1C1SC 
SECTION: ".abs_section_4b"
  _TPM1C2SC 
SECTION: ".abs_section_50"
  _TPM2SC 
SECTION: ".abs_section_55"
  _TPM2C0SC 
SECTION: ".abs_section_58"
  _TPM2C1SC 
SECTION: ".abs_section_5b"
  _TPM2C2SC 
SECTION: ".abs_section_60"
  _TPM3SC 
SECTION: ".abs_section_65"
  _TPM3C0SC 
SECTION: ".abs_section_68"
  _TPM3C1SC 
SECTION: ".abs_section_6b"
  _TPM3C2SC 
SECTION: ".abs_section_6e"
  _TPM3C3SC 
SECTION: ".abs_section_71"
  _TPM3C4SC 
SECTION: ".abs_section_74"
  _TPM3C5SC 
SECTION: ".abs_section_1800"
  _SRS 
SECTION: ".abs_section_1801"
  _SBDFR 
SECTION: ".abs_section_1802"
  _SOPT1 
SECTION: ".abs_section_1803"
  _SOPT2 
SECTION: ".abs_section_1808"
  _SPMSC1 
SECTION: ".abs_section_1809"
  _SPMSC2 
SECTION: ".abs_section_180b"
  _SPMSC3 
SECTION: ".abs_section_180e"
  _SCGC1 
SECTION: ".abs_section_180f"
  _SCGC2 
SECTION: ".abs_section_1818"
  _DBGCAX 
SECTION: ".abs_section_1819"
  _DBGCBX 
SECTION: ".abs_section_181a"
  _DBGCCX 
SECTION: ".abs_section_181c"
  _DBGC 
SECTION: ".abs_section_181d"
  _DBGT 
SECTION: ".abs_section_181e"
  _DBGS 
SECTION: ".abs_section_181f"
  _DBGCNT 
SECTION: ".abs_section_1820"
  _FCDIV 
SECTION: ".abs_section_1821"
  _FOPT 
SECTION: ".abs_section_1823"
  _FCNFG 
SECTION: ".abs_section_1824"
  _FPROT 
SECTION: ".abs_section_1825"
  _FSTAT 
SECTION: ".abs_section_1826"
  _FCMD 
SECTION: ".abs_section_1830"
  _RTCSC 
SECTION: ".abs_section_1831"
  _RTCCNT 
SECTION: ".abs_section_1832"
  _RTCMOD 
SECTION: ".abs_section_1840"
  _PTAPE 
SECTION: ".abs_section_1841"
  _PTASE 
SECTION: ".abs_section_1842"
  _PTADS 
SECTION: ".abs_section_1844"
  _PTBPE 
SECTION: ".abs_section_1845"
  _PTBSE 
SECTION: ".abs_section_1846"
  _PTBDS 
SECTION: ".abs_section_1848"
  _PTCPE 
SECTION: ".abs_section_1849"
  _PTCSE 
SECTION: ".abs_section_184a"
  _PTCDS 
SECTION: ".abs_section_184c"
  _PTDPE 
SECTION: ".abs_section_184d"
  _PTDSE 
SECTION: ".abs_section_184e"
  _PTDDS 
SECTION: ".abs_section_1850"
  _PTEPE 
SECTION: ".abs_section_1851"
  _PTESE 
SECTION: ".abs_section_1852"
  _PTEDS 
SECTION: ".abs_section_1872"
  _SCI2C1 
SECTION: ".abs_section_1873"
  _SCI2C2 
SECTION: ".abs_section_1874"
  _SCI2S1 
SECTION: ".abs_section_1875"
  _SCI2S2 
SECTION: ".abs_section_1876"
  _SCI2C3 
SECTION: ".abs_section_1877"
  _SCI2D 
SECTION: ".abs_section_12"
  _ADCR 
SECTION: ".abs_section_14"
  _ADCCV 
SECTION: ".abs_section_20"
  _SCI1BD 
SECTION: ".abs_section_41"
  _TPM1CNT 
SECTION: ".abs_section_43"
  _TPM1MOD 
SECTION: ".abs_section_46"
  _TPM1C0V 
SECTION: ".abs_section_49"
  _TPM1C1V 
SECTION: ".abs_section_4c"
  _TPM1C2V 
SECTION: ".abs_section_51"
  _TPM2CNT 
SECTION: ".abs_section_53"
  _TPM2MOD 
SECTION: ".abs_section_56"
  _TPM2C0V 
SECTION: ".abs_section_59"
  _TPM2C1V 
SECTION: ".abs_section_5c"
  _TPM2C2V 
SECTION: ".abs_section_61"
  _TPM3CNT 
SECTION: ".abs_section_63"
  _TPM3MOD 
SECTION: ".abs_section_66"
  _TPM3C0V 
SECTION: ".abs_section_69"
  _TPM3C1V 
SECTION: ".abs_section_6c"
  _TPM3C2V 
SECTION: ".abs_section_6f"
  _TPM3C3V 
SECTION: ".abs_section_72"
  _TPM3C4V 
SECTION: ".abs_section_75"
  _TPM3C5V 
SECTION: ".abs_section_1806"
  _SDID 
SECTION: ".abs_section_1810"
  _DBGCA 
SECTION: ".abs_section_1812"
  _DBGCB 
SECTION: ".abs_section_1814"
  _DBGCC 
SECTION: ".abs_section_1816"
  _DBGF 
SECTION: ".abs_section_1870"
  _SCI2BD 
SECTION: ".abs_section_f1bc"
  app_ver_addr 
SECTION: ".abs_section_ffbd"
  NVPROT_INIT 
SECTION: ".abs_section_ffbf"
  NVOPT_INIT 
SECTION: ".abs_section_200"
  app_rst 
SECTION: ".abs_section_204"
  bl_rst 
SECTION: ".abs_section_20c"
  haddr_16 
SECTION: ".abs_section_20e"
  haddr_64 

*********************************************************************************************
OBJECT LIST SORTED BY ADDRESS
     Name                                      Addr   hSize   dSize     Ref    Section   RLIB
---------------------------------------------------------------------------------------------
     _PTAD                                        0       1       1       1   .abs_section_0
     _PTADD                                       1       1       1       1   .abs_section_1
     _PTBD                                        2       1       1      16   .abs_section_2
     _PTBDD                                       3       1       1       2   .abs_section_3
     _PTCD                                        4       1       1      29   .abs_section_4
     _PTCDD                                       5       1       1       7   .abs_section_5
     _PTDD                                        6       1       1       9   .abs_section_6
     _PTDDD                                       7       1       1       4   .abs_section_7
     _PTED                                        8       1       1       2   .abs_section_8
     _PTEDD                                       9       1       1       2   .abs_section_9
     _KBI1SC                                      C       1       1       1   .abs_section_c
     _KBI1PE                                      D       1       1       0   .abs_section_d
     _KBI1ES                                      E       1       1       0   .abs_section_e
     _IRQSC                                       F       1       1       0   .abs_section_f
     _ADCSC1                                     10       1       1       0   .abs_section_10
     _ADCSC2                                     11       1       1       0   .abs_section_11
     _ADCR                                       12       2       2       0   .abs_section_12
     _ADCCV                                      14       2       2       0   .abs_section_14
     _ADCCFG                                     16       1       1       0   .abs_section_16
     _APCTL1                                     17       1       1       0   .abs_section_17
     _APCTL2                                     18       1       1       0   .abs_section_18
     _ACMP1SC                                    1A       1       1       0   .abs_section_1a
     _ACMP2SC                                    1B       1       1       0   .abs_section_1b
     _SCI1BD                                     20       2       2       2   .abs_section_20
     _SCI1C1                                     22       1       1       3   .abs_section_22
     _SCI1C2                                     23       1       1       3   .abs_section_23
     _SCI1S1                                     24       1       1       3   .abs_section_24
     _SCI1S2                                     25       1       1       2   .abs_section_25
     _SCI1C3                                     26       1       1       4   .abs_section_26
     _SCI1D                                      27       1       1       3   .abs_section_27
     _SPIC1                                      28       1       1       0   .abs_section_28
     _SPIC2                                      29       1       1       0   .abs_section_29
     _SPIBR                                      2A       1       1       0   .abs_section_2a
     _SPIS                                       2B       1       1       0   .abs_section_2b
     _SPID                                       2D       1       1       0   .abs_section_2d
     _IICA                                       30       1       1       0   .abs_section_30
     _IICF                                       31       1       1       0   .abs_section_31
     _IICC1                                      32       1       1       0   .abs_section_32
     _IICS                                       33       1       1       0   .abs_section_33
     _IICD                                       34       1       1       0   .abs_section_34
     _IICC2                                      35       1       1       0   .abs_section_35
     _ICSC1                                      38       1       1       1   .abs_section_38
     _ICSC2                                      39       1       1       2   .abs_section_39
     _ICSTRM                                     3A       1       1       1   .abs_section_3a
     _ICSSC                                      3B       1       1       5   .abs_section_3b
     _KBI2SC                                     3C       1       1       0   .abs_section_3c
     _KBI2PE                                     3D       1       1       0   .abs_section_3d
     _KBI2ES                                     3E       1       1       0   .abs_section_3e
     _TPM1SC                                     40       1       1       0   .abs_section_40
     _TPM1CNT                                    41       2       2       0   .abs_section_41
     _TPM1MOD                                    43       2       2       0   .abs_section_43
     _TPM1C0SC                                   45       1       1       0   .abs_section_45
     _TPM1C0V                                    46       2       2       0   .abs_section_46
     _TPM1C1SC                                   48       1       1       0   .abs_section_48
     _TPM1C1V                                    49       2       2       0   .abs_section_49
     _TPM1C2SC                                   4B       1       1       0   .abs_section_4b
     _TPM1C2V                                    4C       2       2       0   .abs_section_4c
     _TPM2SC                                     50       1       1       0   .abs_section_50
     _TPM2CNT                                    51       2       2       0   .abs_section_51
     _TPM2MOD                                    53       2       2       0   .abs_section_53
     _TPM2C0SC                                   55       1       1       0   .abs_section_55
     _TPM2C0V                                    56       2       2       0   .abs_section_56
     _TPM2C1SC                                   58       1       1       0   .abs_section_58
     _TPM2C1V                                    59       2       2       0   .abs_section_59
     _TPM2C2SC                                   5B       1       1       0   .abs_section_5b
     _TPM2C2V                                    5C       2       2       0   .abs_section_5c
[...]
 |  |  |        |  |     |  |     |  +- F_INFK              
 |  |  |        |  |     |  |     |  |    
 |  |  |        |  |     |  |     |  +- F_TLK               
 |  |  |        |  |     |  |     |       
 |  |  |        |  |     |  |     +- F_NORMK             
 |  |  |        |  |     |  |     |  | 
 |  |  |        |  |     |  |     |  +- F_CLRK               (see above)
 |  |  |        |  |     |  |     |  |  
 |  |  |        |  |     |  |     |  +- F_INFK               (see above)
 |  |  |        |  |     |  |     |     
 |  |  |        |  |     |  |     +- _PACK_K_to_k        
 |  |  |        |  |     |  |          
 |  |  |        |  |     |  +- _POP32               (see above)
 |  |  |        |  |     |     
 |  |  |        |  |     +- _FMUL                (see above)
 |  |  |        |  |     |  
 |  |  |        |  |     +- _FMUL_RC            
 |  |  |        |  |     |  | 
 |  |  |        |  |     |  +- _ENTER_BINARY_L_RC   (see above)
 |  |  |        |  |     |  |  
 |  |  |        |  |     |  +- _FMUL_Common         (see above)
 |  |  |        |  |     |     
 |  |  |        |  |     +- _FADD               
 |  |  |        |  |     |  | 
 |  |  |        |  |     |  +- _ENTER_BINARY_L      (see above)
 |  |  |        |  |     |  |  
 |  |  |        |  |     |  +- _FADD_Common        
 |  |  |        |  |     |     | 
 |  |  |        |  |     |     +- _UNPACK_k_to_K       (see above)
 |  |  |        |  |     |     |  
 |  |  |        |  |     |     +- _UNPACK_j_to_L       (see above)
 |  |  |        |  |     |     |  
 |  |  |        |  |     |     +- _FADD_K_is_K_plus_L 
 |  |  |        |  |     |     |  | 
 |  |  |        |  |     |     |  +- F_NANK               (see above)
 |  |  |        |  |     |     |  |  
 |  |  |        |  |     |     |  +- F_TLK                (see above)
 |  |  |        |  |     |     |  |  
 |  |  |        |  |     |     |  +- F_XGKL              
 |  |  |        |  |     |     |       
 |  |  |        |  |     |     +- F_NORMK              (see above)
 |  |  |        |  |     |     |  
 |  |  |        |  |     |     +- _PACK_K_to_k         (see above)
 |  |  |        |  |     |        
 |  |  |        |  |     +- _FSTRUNC            
 |  |  |        |  |     |  | 
 |  |  |        |  |     |  +- _ENTER_UNARY_L       (see above)
 |  |  |        |  |     |  |  
 |  |  |        |  |     |  +- _UNPACK_k_to_K_Unary
 |  |  |        |  |     |  |    
 |  |  |        |  |     |  +- _F_LONGK            
 |  |  |        |  |     |     | 
 |  |  |        |  |     |     +- _NEG_L_HX           
 |  |  |        |  |     |          
 |  |  |        |  |     +- _FUFLOAT            
 |  |  |        |  |     |  | 
 |  |  |        |  |     |  +- _ENTER_UNARY_L       (see above)
 |  |  |        |  |     |  |  
 |  |  |        |  |     |  +- _F_FLOATK           
 |  |  |        |  |     |  |  | 
 |  |  |        |  |     |  |  +- F_CLRK_Unary        
 |  |  |        |  |     |  |       
 |  |  |        |  |     |  +- _PACK_K_to_k_Unary  
 |  |  |        |  |     |       
 |  |  |        |  |     +- _FSUB               
 |  |  |        |  |     |  | 
 |  |  |        |  |     |  +- _ENTER_BINARY_L      (see above)
 |  |  |        |  |     |  |  
 |  |  |        |  |     |  +- _FSUB_Common        
 |  |  |        |  |     |     | 
 |  |  |        |  |     |     +- _FADD_Common         (see above)
 |  |  |        |  |     |        
 |  |  |        |  |     +- _FADD_RC            
 |  |  |        |  |     |  | 
 |  |  |        |  |     |  +- _ENTER_BINARY_L_RC   (see above)
 |  |  |        |  |     |  |  
 |  |  |        |  |     |  +- _FADD_Common         (see above)
 |  |  |        |  |     |     
 |  |  |        |  |     +- _ICMP                (see above)
 |  |  |        |  |     |  
 |  |  |        |  |     +- _BDIVS              
 |  |  |        |  |     |    
 |  |  |        |  |     +- _BMODS              
 |  |  |        |  |     |    
 |  |  |        |  |     +- _LDIVU_RC           
 |  |  |        |  |     |  | 
 |  |  |        |  |     |  +- _ENTER_BINARY_L_RC   (see above)
 |  |  |        |  |     |  |  
 |  |  |        |  |     |  +- _LDIVU_k_is_k_div_j 
 |  |  |        |  |     |     | 
 |  |  |        |  |     |     +- _LDIVMOD            
 |  |  |        |  |     |          
 |  |  |        |  |     +- _LMODU_RC           
 |  |  |        |  |     |  | 
 |  |  |        |  |     |  +- _ENTER_BINARY_L_RC   (see above)
 |  |  |        |  |     |  |  
 |  |  |        |  |     |  +- _LMODU_k_is_k_mod_j 
 |  |  |        |  |     |     | 
 |  |  |        |  |     |     +- _LDIVMOD             (see above)
 |  |  |        |  |     |        
 |  |  |        |  |     +- _FCMP_RC            
 |  |  |        |  |        | 
 |  |  |        |  |        +- _ENTER_BINARY_L_RC   (see above)
 |  |  |        |  |        |  
 |  |  |        |  |        +- _FCMP_k_rel_j       
 |  |  |        |  |             
 |  |  |        |  +- addr64_format       
 |  |  |        |  |    
 |  |  |        |  +- start_ota_fw_update 
 |  |  |        |     | 
 |  |  |        |     +- xbee_cmd_simple      (see above)
 |  |  |        |     |  
 |  |  |        |     +- memcpy              
 |  |  |        |     |    
 |  |  |        |     +- sys_reset            (see above)
 |  |  |        |        
 |  |  |        +- wpan_envelope_reply 
 |  |  |        |  | 
 |  |  |        |  +- memcpy               (see above)
 |  |  |        |     
 |  |  |        +- strlen              
 |  |  |        |    
 |  |  |        +- wpan_envelope_send  
 |  |  |           | 
 |  |  |           +- _CALL_STAR08         (see above)
 |  |  |              
 |  |  +- xbee_wpan_init      
 |  |  |  | 
 |  |  |  +- _xbee_wpan_tick     
 |  |  |  |  | 
 |  |  |  |  +- xbee_dev_tick       
 |  |  |  |     | 
 |  |  |  |     +- _xbee_frame_load    
 |  |  |  |        | 
 |  |  |  |        +- xbee_ser_invalid     (see above)
 |  |  |  |        |  
 |  |  |  |        +- _Jump_Table_Header_Addr
 |  |  |  |        |    
 |  |  |  |        +- xbee_ser_read        (see above)
 |  |  |  |        |  
 |  |  |  |        +- _xbee_checksum       (see above)
 |  |  |  |        |  
 |  |  |  |        +- _xbee_frame_dispatch
 |  |  |  |           | 
 |  |  |  |           +- _xbee_dev_modem_status
 |  |  |  |           |  | 
 |  |  |  |           |  +- _Jump_Table_Offset  
 |  |  |  |           |       
 |  |  |  |           +- xbee_frame_handlers 
 |  |  |  |           |  | 
 |  |  |  |           |  +- _xbee_cmd_handle_response
 |  |  |  |           |  |  | 
 |  |  |  |           |  |  +- _COPY                (see above)
 |  |  |  |           |  |  |  
 |  |  |  |           |  |  +- _Jump_Table_Header_Offset
 |  |  |  |           |  |  |    
 |  |  |  |           |  |  +- _CALL_STAR08         (see above)
 |  |  |  |           |  |  |  
 |  |  |  |           |  |  +- xbee_seconds_timer  
 |  |  |  |           |  |  |  | 
 |  |  |  |           |  |  |  +- _COPY                (see above)
 |  |  |  |           |  |  |     
 |  |  |  |           |  |  +- _xbee_cmd_release_request
 |  |  |  |           |  |       
 |  |  |  |           |  +- _xbee_cmd_modem_status
 |  |  |  |           |  |  | 
 |  |  |  |           |  |  +- xbee_cmd_query_device (recursive dependency)
 |  |  |  |           |  |     | 
 |  |  |  |           |  |     +- _xbee_atcmd_query_regs
 |  |  |  |           |  |     |  | 
 |  |  |  |           |  |     |  +- _xbee_cmd_query_handle_eo
 |  |  |  |           |  |     |  |    
 |  |  |  |           |  |     |  +- _xbee_cmd_query_handle_ai
 |  |  |  |           |  |     |  |    
 |  |  |  |           |  |     |  +- _xbee_cmd_query_handle_end (recursive dependency)
 |  |  |  |           |  |     |     | 
 |  |  |  |           |  |     |     +- xbee_cmd_query_device (see above) (recursive dependency)
 |  |  |  |           |  |     |        
 |  |  |  |           |  |     +- xbee_cmd_list_execute (recursive dependency)
 |  |  |  |           |  |        | 
 |  |  |  |           |  |        +- _xbee_cmd_issue_list (recursive dependency)
 |  |  |  |           |  |        |  | 
 |  |  |  |           |  |        |  +- _IMUL_STAR08         (see above)
 |  |  |  |           |  |        |  |  
 |  |  |  |           |  |        |  +- xbee_cmd_create      (recursive dependency)
 |  |  |  |           |  |        |  |  | 
 |  |  |  |           |  |        |  |  +- memset               (see above)
 |  |  |  |           |  |        |  |  |  
 |  |  |  |           |  |        |  |  +- xbee_cmd_init_device (recursive dependency)
 |  |  |  |           |  |        |  |  |  | 
 |  |  |  |           |  |        |  |  |  +- xbee_cmd_query_device (see above) (recursive dependency)
 |  |  |  |           |  |        |  |  |     
 |  |  |  |           |  |        |  |  +- xbee_cmd_tick        (recursive dependency)
 |  |  |  |           |  |        |  |  |  | 
 |  |  |  |           |  |        |  |  |  +- xbee_seconds_timer   (see above)
 |  |  |  |           |  |        |  |  |  |  
 |  |  |  |           |  |        |  |  |  +- memset               (see above)
 |  |  |  |           |  |        |  |  |  |  
 |  |  |  |           |  |        |  |  |  +- _CALL_STAR08         (see above)
 |  |  |  |           |  |        |  |  |  |  
 |  |  |  |           |  |        |  |  |  +- _xbee_cmd_release_request (see above)
 |  |  |  |           |  |        |  |  |  |  
 |  |  |  |           |  |        |  |  |  +- xbee_cmd_query_device (see above) (recursive dependency)
 |  |  |  |           |  |        |  |  |     
 |  |  |  |           |  |        |  |  +- xbee_seconds_timer   (see above)
 |  |  |  |           |  |        |  |     
 |  |  |  |           |  |        |  +- xbee_cmd_set_command
 |  |  |  |           |  |        |  |  | 
 |  |  |  |           |  |        |  |  +- _xbee_cmd_handle_to_address
 |  |  |  |           |  |        |  |     | 
 |  |  |  |           |  |        |  |     +- _IASR               
 |  |  |  |           |  |        |  |          
 |  |  |  |           |  |        |  +- _Jump_Table_Header_Offset (see above)
 |  |  |  |           |  |        |  |  
 |  |  |  |           |  |        |  +- xbee_cmd_set_param_bytes
 |  |  |  |           |  |        |  |  | 
 |  |  |  |           |  |        |  |  +- _xbee_cmd_handle_to_address (see above)
 |  |  |  |           |  |        |  |  |  
 |  |  |  |           |  |        |  |  +- memcpy               (see above)
 |  |  |  |           |  |        |  |     
 |  |  |  |           |  |        |  +- xbee_cmd_set_param_str
 |  |  |  |           |  |        |  |  | 
 |  |  |  |           |  |        |  |  +- strlen               (see above)
 |  |  |  |           |  |        |  |  |  
 |  |  |  |           |  |        |  |  +- xbee_cmd_set_param_bytes (see above)
 |  |  |  |           |  |        |  |     
 |  |  |  |           |  |        |  +- _COPY                (see above)
 |  |  |  |           |  |        |  |  
 |  |  |  |           |  |        |  +- xbee_cmd_set_param  
 |  |  |  |           |  |        |     | 
 |  |  |  |           |  |        |     +- _xbee_cmd_handle_to_address (see above)
 |  |  |  |           |  |        |     |  
 |  |  |  |           |  |        |     +- _xbee_cmd_encode_param (see above)
 |  |  |  |           |  |        |        
 |  |  |  |           |  |        +- xbee_cmd_set_target 
 |  |  |  |           |  |        |  | 
 |  |  |  |           |  |        |  +- _xbee_cmd_handle_to_address (see above)
 |  |  |  |           |  |        |  |  
 |  |  |  |           |  |        |  +- memset               (see above)
 |  |  |  |           |  |        |  |  
 |  |  |  |           |  |        |  +- _COPY                (see above)
 |  |  |  |           |  |        |     
 |  |  |  |           |  |        +- _xbee_cmd_list_callback
 |  |  |  |           |  |        |  | 
 |  |  |  |           |  |        |  +- _CALL_STAR08         (see above)
 |  |  |  |           |  |        |  |  
 |  |  |  |           |  |        |  +- _IMUL_STAR08         (see above)
 |  |  |  |           |  |        |  |  
 |  |  |  |           |  |        |  +- _ICMP                (see above)
 |  |  |  |           |  |        |  |  
 |  |  |  |           |  |        |  +- _PUSH_CC            
 |  |  |  |           |  |        |  |    
 |  |  |  |           |  |        |  +- _POP_CC             
 |  |  |  |           |  |        |  |    
 |  |  |  |           |  |        |  +- memcpy               (see above)
 |  |  |  |           |  |        |  |  
 |  |  |  |           |  |        |  +- memset               (see above)
 |  |  |  |           |  |        |  |  
 |  |  |  |           |  |        |  +- _Jump_Table_Header_Offset (see above)
 |  |  |  |           |  |        |  |  
 |  |  |  |           |  |        |  +- _COPY                (see above)
 |  |  |  |           |  |        |  |  
 |  |  |  |           |  |        |  +- _xbee_cmd_issue_list (see above) (recursive dependency)
 |  |  |  |           |  |        |  |  
 |  |  |  |           |  |        |  +- xbee_cmd_send       
 |  |  |  |           |  |        |  |  | 
 |  |  |  |           |  |        |  |  +- _xbee_cmd_handle_to_address (see above)
 |  |  |  |           |  |        |  |  |  
 |  |  |  |           |  |        |  |  +- xbee_next_frame_id   (see above)
 |  |  |  |           |  |        |  |  |  
 |  |  |  |           |  |        |  |  +- _COPY                (see above)
 |  |  |  |           |  |        |  |  |  
 |  |  |  |           |  |        |  |  +- xbee_frame_write     (see above)
 |  |  |  |           |  |        |  |  |  
 |  |  |  |           |  |        |  |  +- xbee_seconds_timer   (see above)
 |  |  |  |           |  |        |  |  |  
 |  |  |  |           |  |        |  |  +- _xbee_cmd_release_request (see above)
 |  |  |  |           |  |        |  |     
 |  |  |  |           |  |        |  +- xbee_cmd_release_handle
 |  |  |  |           |  |        |     | 
 |  |  |  |           |  |        |     +- _xbee_cmd_handle_to_address (see above)
 |  |  |  |           |  |        |     |  
 |  |  |  |           |  |        |     +- _xbee_cmd_release_request (see above)
 |  |  |  |           |  |        |        
 |  |  |  |           |  |        +- xbee_cmd_set_callback
 |  |  |  |           |  |        |  | 
 |  |  |  |           |  |        |  +- _xbee_cmd_handle_to_address (see above)
 |  |  |  |           |  |        |     
 |  |  |  |           |  |        +- xbee_cmd_send        (see above)
 |  |  |  |           |  |           
 |  |  |  |           |  +- _xbee_handle_receive_explicit
 |  |  |  |           |     | 
 |  |  |  |           |     +- _COPY                (see above)
 |  |  |  |           |     |  
 |  |  |  |           |     +- wpan_envelope_dispatch
 |  |  |  |           |        | 
 |  |  |  |           |        +- _wpan_endpoint_dispatch
 |  |  |  |           |        |  | 
 |  |  |  |           |        |  +- wpan_cluster_match  
 |  |  |  |           |        |  |    
 |  |  |  |           |        |  +- zcl_invalid_cluster 
 |  |  |  |           |        |  |  | 
 |  |  |  |           |        |  |  +- zcl_command_build   
 |  |  |  |           |        |  |  |  | 
 |  |  |  |           |        |  |  |  +- swap16              
 |  |  |  |           |        |  |  |  |    
 |  |  |  |           |        |  |  |  +- memset               (see above)
 |  |  |  |           |        |  |  |  |  
 |  |  |  |           |        |  |  |  +- _COPY                (see above)
 |  |  |  |           |        |  |  |     
 |  |  |  |           |        |  |  +- zcl_default_response
 |  |  |  |           |        |  |     | 
 |  |  |  |           |        |  |     +- zcl_build_header    
 |  |  |  |           |        |  |     |  | 
 |  |  |  |           |        |  |     |  +- swap16               (see above)
 |  |  |  |           |        |  |     |     
 |  |  |  |           |        |  |     +- zcl_send_response   
 |  |  |  |           |        |  |        | 
 |  |  |  |           |        |  |        +- wpan_envelope_reply  (see above)
 |  |  |  |           |        |  |        |  
 |  |  |  |           |        |  |        +- wpan_envelope_send   (see above)
 |  |  |  |           |        |  |           
 |  |  |  |           |        |  +- _CALL_STAR08         (see above)
 |  |  |  |           |        |     
 |  |  |  |           |        +- wpan_endpoint_get_next
 |  |  |  |           |        |  | 
 |  |  |  |           |        |  +- _CALL_STAR08         (see above)
 |  |  |  |           |        |     
 |  |  |  |           |        +- wpan_endpoint_match 
 |  |  |  |           |           | 
 |  |  |  |           |           +- wpan_endpoint_get_next (see above)
 |  |  |  |           |              
 |  |  |  |           +- _CALL_STAR08         (see above)
 |  |  |  |              
 |  |  |  +- _xbee_endpoint_send 
 |  |  |     | 
 |  |  |     +- xbee_next_frame_id   (see above)
 |  |  |     |  
 |  |  |     +- _COPY                (see above)
 |  |  |     |  
 |  |  |     +- _PUSH_CC             (see above)
 |  |  |     |  
 |  |  |     +- _POP_CC              (see above)
 |  |  |     |  
 |  |  |     +- xbee_frame_write     (see above)
 |  |  |        
 |  |  +- xbee_cmd_init_device (see above) (recursive dependency)
 |  |  |  
 |  |  +- xbee_dev_tick        (see above)
 |  |  |  
 |  |  +- sys_watchdog_reset   (see above)
 |  |  |  
 |  |  +- xbee_cmd_query_status
 |  |     | 
 |  |     +- xbee_cmd_tick        (see above) (recursive dependency)
 |  |        
 |  +- sys_app_banner      
 |  |  | 
 |  |  +- sys_watchdog_reset   (see above)
 |  |  |  
 |  |  +- printf               (see above)
 |  |  |  
 |  |  +- addr64_format        (see above)
 |  |     
 |  +- printf               (see above)
 |  |  
 |  +- DoPassThroughMode   
 |       
 +- _Startup            
    | 
    +- Init                
    |  | 
    |  +- loadByte            
    |       
    +- main                 (see above)
       
 vector_table        
 | 
 +- tpm3ov_isr          
 |    
 +- tpm3ch5_isr         
 |    
 +- die                 
 |    
 +- tpm3ch0_isr         
 |    
 +- rtc_isr             
 |  | 
 |  +- _LADD_RC            
 |  |  | 
 |  |  +- _ENTER_BINARY_L_RC   (see above)
 |  |  |  
 |  |  +- _LADD_k_is_k_plus_j 
 |  |       
 |  +- _POP32               (see above)
 |  |  
 |  +- _IDIVU_STAR08       
 |  |  | 
 |  |  +- _IDIVMOD             (see above)
 |  |     
 |  +- _LADD               
 |  |  | 
 |  |  +- _ENTER_BINARY_L      (see above)
 |  |  |  
 |  |  +- _LADD_k_is_k_plus_j  (see above)
 |  |     
 |  +- _IMODU_STAR08       
 |     | 
 |     +- _IDIVMOD             (see above)
 |        
 +- radio_uart_isr      
 |  | 
 |  +- xbee_cbuf_putch     
 |  |    
 |  +- xbee_cbuf_free       (see above)
 |     
 +- gpio_isr            
 |    
 +- uart_isr            
 |  | 
 |  +- cbuf_append         
 |     | 
 |     +- _IMODS_STAR08       
 |        | 
 |        +- _SPLITSIGN           (see above)
 |           
 +- tpm2ov_isr          
 |    
 +- tpm2ch2_isr         
 |    
 +- tpm2ch1_isr         
 |    
 +- tpm1ov_isr          
 |    
 +- tpm1ch0_isr         
 |    
 +- lvd_isr             
 |    
 +- _Startup             (see above)
    
 app_ver_addr        
   
*********************************************************************************************
STATISTIC SECTION
---------------------------------------------------------------------------------------------

ExeFile:
--------
Number of blocks to be downloaded: 9
Total size of all blocks to be downloaded: 17979

